******************************************************************************
                  TI ARM Linker PC v20.2.5                     
******************************************************************************
>> Linked Fri Jul  8 14:34:11 2022

OUTPUT FILE NAME:   <boot_serial.out>
ENTRY POINT SYMBOL: "_c_int00"  address: 200006db


MEMORY CONFIGURATION

         name            origin    length      used     unused   attr    fill
----------------------  --------  ---------  --------  --------  ----  --------
  FLASH                 00000000   00100000  00000d3e  000ff2c2  R  X
  SRAM                  20000000   00040000  00000eee  0003f112  RW X


SEGMENT ALLOCATION MAP

run origin  load origin   length   init length attrs members
----------  ----------- ---------- ----------- ----- -------
20000000    00000000    00000d3e   00000d3e    r-x
  20000000    00000000    00000044   00000044    r-- .intvecs
  20000044    00000044    00000a12   00000a12    r-x .text
  20000a58    00000a58    000002e6   000002e6    r-- .const
20000d40    20000d40    000001b0   00000000    rw-
  20000d40    20000d40    000000e9   00000000    rw- .bss
  20000e30    20000e30    000000c0   00000000    rw- .stack


SECTION ALLOCATION MAP

 output                                  attributes/
section   page    origin      length       input sections
--------  ----  ----------  ----------   ----------------
.intvecs   0    00000000    00000044     RUN ADDR = 20000000
                  00000000    00000044     bl_startup_ccs.obj (.intvecs)

.text      0    00000044    00000a12     RUN ADDR = 20000044
                  00000044    00000200     sysctl.obj (.text:SysCtlClockFreqSet)
                  00000244    000001e8     bl_main.obj (.text:Updater)
                  0000042c    00000132     gpio.obj (.text:GPIOPadConfigSet)
                  0000055e    00000002     --HOLE-- [fill = 0]
                  00000560    000000e4     bl_packet.obj (.text:ReceivePacket)
                  00000644    00000098     bl_startup_ccs.obj (.text)
                  000006dc    00000070     bl_main.obj (.text:ConfigureDevice)
                  0000074c    0000004c     gpio.obj (.text:GPIOPinConfigure)
                  00000798    0000004a     bl_packet.obj (.text:SendPacket)
                  000007e2    00000002     --HOLE-- [fill = 0]
                  000007e4    00000048     sysctl.obj (.text:_SysCtlFrequencyGet)
                  0000082c    00000046     uart.obj (.text:UARTConfigSetExpClk)
                  00000872    00000002     --HOLE-- [fill = 0]
                  00000874    00000034     sysctl.obj (.text:SysCtlPeripheralEnable)
                  000008a8    00000030     bl_uart.obj (.text:UARTSend)
                  000008d8    0000002e     bl_check.obj (.text:CheckForceUpdate)
                  00000906    00000002     --HOLE-- [fill = 0]
                  00000908    0000002c     bl_flash.obj (.text:BLInternalFlashStartAddrCheck)
                  00000934    0000002c     gpio.obj (.text:GPIODirModeSet)
                  00000960    00000020     uart.obj (.text:UARTDisable)
                  00000980    00000020     bl_uart.obj (.text:UARTReceive)
                  000009a0    00000020     sysctl.obj (.text:_SysCtlMemTimingGet)
                  000009c0    00000018     bl_packet.obj (.text:CheckSum)
                  000009d8    00000018     gpio.obj (.text:GPIOPinTypeGPIOOutput)
                  000009f0    00000016     gpio.obj (.text:GPIOPinTypeUART)
                  00000a06    00000014     uart.obj (.text:UARTEnable)
                  00000a1a    00000002     --HOLE-- [fill = 0]
                  00000a1c    00000014     bl_uart.obj (.text:UARTFlush)
                  00000a30    0000000c     bl_packet.obj (.text:AckPacket)
                  00000a3c    0000000a     uart.obj (.text:UARTCharGet)
                  00000a46    00000008     bl_main.obj (.text:SwapWord)
                  00000a4e    00000008     uart.obj (.text:UARTIntEnable)

.const     0    00000a58    000002e6     RUN ADDR = 20000a58
                  00000a58    000001b0     sysctl.obj (.const:g_pppui32XTALtoVCO)
                  00000c08    00000090     gpio.obj (.const:g_pui32GPIOBaseAddrs)
                  00000c98    0000006c     sysctl.obj (.const:g_pui32Xtals)
                  00000d04    00000030     sysctl.obj (.const:g_sXTALtoMEMTIM)
                  00000d34    00000008     sysctl.obj (.const:g_pui32VCOFrequencies)
                  00000d3c    00000002     bl_packet.obj (.const:.string:g_pui8ACK)

.data      0    00000d3e    00000000     UNINITIALIZEDRUN ADDR = 20000d3e

.bss       0    20000d40    000000e9     UNINITIALIZED
                  20000d40    00000088     (.common:rxbuff)
                  20000dc8    00000050     (.common:g_pui32DataBuffer)
                  20000e18    00000004     (.common:Program_Address)
                  20000e1c    00000004     (.common:Program_Size)
                  20000e20    00000004     (.common:g_ui32TransferAddress)
                  20000e24    00000004     (.common:g_ui32TransferSize)
                  20000e28    00000001     (.common:g_ui8Status)

.stack     0    20000e30    000000c0     UNINITIALIZED
                  20000e30    000000c0     bl_startup_ccs.obj (.stack)

MODULE SUMMARY

       Module               code   ro data   rw data
       ------               ----   -------   -------
    .\
       bl_startup_ccs.obj   304    136       0      
    +--+--------------------+------+---------+---------+
       Total:               304    136       0      
                                                    
    .\boot_loader\
       bl_main.obj          1216   0         233    
       bl_packet.obj        676    4         0      
       bl_uart.obj          200    0         0      
       bl_check.obj         92     0         0      
       bl_flash.obj         88     0         0      
    +--+--------------------+------+---------+---------+
       Total:               2272   4         233    
                                                    
    .\driverlib\
       sysctl.obj           1336   1192      0      
       gpio.obj             944    288       0      
       uart.obj             280    0         0      
    +--+--------------------+------+---------+---------+
       Total:               2560   1480      0      
                                                    
       Stack:               0      0         192    
    +--+--------------------+------+---------+---------+
       Grand Total:         5136   1620      425    


GLOBAL SYMBOLS: SORTED ALPHABETICALLY BY Name 

address   name                         
-------   ----                         
20000a31  AckPacket                    
20000909  BLInternalFlashStartAddrCheck
200008d9  CheckForceUpdate             
200009c1  CheckSum                     
200006dd  ConfigureDevice              
200006d5  Delay                        
20000935  GPIODirModeSet               
2000042d  GPIOPadConfigSet             
2000074d  GPIOPinConfigure             
200009d9  GPIOPinTypeGPIOOutput        
200009f1  GPIOPinTypeUART              
20000e18  Program_Address              
20000e1c  Program_Size                 
20000561  ReceivePacket                
20000689  ResetISR                     
20000799  SendPacket                   
200006ab  StartApplication             
20000a47  SwapWord                     
20000045  SysCtlClockFreqSet           
20000875  SysCtlPeripheralEnable       
20000a3d  UARTCharGet                  
2000082d  UARTConfigSetExpClk          
20000961  UARTDisable                  
20000a07  UARTEnable                   
20000a1d  UARTFlush                    
20000a4f  UARTIntEnable                
20000981  UARTReceive                  
200008a9  UARTSend                     
20000245  Updater                      
20000000  Vectors                      
20000ef0  __STACK_END                  
000000c0  __STACK_SIZE                 
20000ef0  __STACK_TOP                  
ffffffff  __TI_pprof_out_hndl          
ffffffff  __TI_prof_data_size          
ffffffff  __TI_prof_data_start         
20000000  __TI_static_base__           
ffffffff  __binit__                    
ffffffff  __c_args__                   
20000e30  __stack                      
200006db  _c_int00                     
ffffffff  binit                        
20000ef0  bss_end                      
20000d40  bss_run                      
000001b0  bss_size                     
20000dc8  g_pui32DataBuffer            
20000e20  g_ui32TransferAddress        
20000e24  g_ui32TransferSize           
20000e28  g_ui8Status                  
00000000  init_load                    
20000000  init_run                     
00000d3e  init_size                    
20000d40  rxbuff                       


GLOBAL SYMBOLS: SORTED BY Symbol Address 

address   name                         
-------   ----                         
00000000  init_load                    
000000c0  __STACK_SIZE                 
000001b0  bss_size                     
00000d3e  init_size                    
20000000  Vectors                      
20000000  __TI_static_base__           
20000000  init_run                     
20000045  SysCtlClockFreqSet           
20000245  Updater                      
2000042d  GPIOPadConfigSet             
20000561  ReceivePacket                
20000689  ResetISR                     
200006ab  StartApplication             
200006d5  Delay                        
200006db  _c_int00                     
200006dd  ConfigureDevice              
2000074d  GPIOPinConfigure             
20000799  SendPacket                   
2000082d  UARTConfigSetExpClk          
20000875  SysCtlPeripheralEnable       
200008a9  UARTSend                     
200008d9  CheckForceUpdate             
20000909  BLInternalFlashStartAddrCheck
20000935  GPIODirModeSet               
20000961  UARTDisable                  
20000981  UARTReceive                  
200009c1  CheckSum                     
200009d9  GPIOPinTypeGPIOOutput        
200009f1  GPIOPinTypeUART              
20000a07  UARTEnable                   
20000a1d  UARTFlush                    
20000a31  AckPacket                    
20000a3d  UARTCharGet                  
20000a47  SwapWord                     
20000a4f  UARTIntEnable                
20000d40  bss_run                      
20000d40  rxbuff                       
20000dc8  g_pui32DataBuffer            
20000e18  Program_Address              
20000e1c  Program_Size                 
20000e20  g_ui32TransferAddress        
20000e24  g_ui32TransferSize           
20000e28  g_ui8Status                  
20000e30  __stack                      
20000ef0  __STACK_END                  
20000ef0  __STACK_TOP                  
20000ef0  bss_end                      
ffffffff  __TI_pprof_out_hndl          
ffffffff  __TI_prof_data_size          
ffffffff  __TI_prof_data_start         
ffffffff  __binit__                    
ffffffff  __c_args__                   
ffffffff  binit                        

[53 symbols]
