<?xml version="1.0" encoding="ISO-8859-1" ?>
<link_info>
   <banner>TI ARM Linker PC v20.2.5.LTS</banner>
   <copyright>Copyright (c) 1996-2018 Texas Instruments Incorporated</copyright>
   <link_time>0x62c2fabd</link_time>
   <link_errors>0x0</link_errors>
   <output_file>boot_serial.out</output_file>
   <entry_point>
      <name>_c_int00</name>
      <address>0x200005b7</address>
   </entry_point>
   <input_file_list>
      <input_file id="fl-2">
         <path>.\</path>
         <kind>object</kind>
         <file>Uart_Driver.obj</file>
         <name>Uart_Driver.obj</name>
      </input_file>
      <input_file id="fl-3">
         <path>.\</path>
         <kind>object</kind>
         <file>main.obj</file>
         <name>main.obj</name>
      </input_file>
      <input_file id="fl-4">
         <path>.\boot_loader\</path>
         <kind>object</kind>
         <file>bl_autobaud.obj</file>
         <name>bl_autobaud.obj</name>
      </input_file>
      <input_file id="fl-5">
         <path>.\boot_loader\</path>
         <kind>object</kind>
         <file>bl_can.obj</file>
         <name>bl_can.obj</name>
      </input_file>
      <input_file id="fl-6">
         <path>.\boot_loader\</path>
         <kind>object</kind>
         <file>bl_check.obj</file>
         <name>bl_check.obj</name>
      </input_file>
      <input_file id="fl-7">
         <path>.\boot_loader\</path>
         <kind>object</kind>
         <file>bl_crc32.obj</file>
         <name>bl_crc32.obj</name>
      </input_file>
      <input_file id="fl-8">
         <path>.\boot_loader\</path>
         <kind>object</kind>
         <file>bl_decrypt.obj</file>
         <name>bl_decrypt.obj</name>
      </input_file>
      <input_file id="fl-9">
         <path>.\boot_loader\</path>
         <kind>object</kind>
         <file>bl_emac.obj</file>
         <name>bl_emac.obj</name>
      </input_file>
      <input_file id="fl-a">
         <path>.\boot_loader\</path>
         <kind>object</kind>
         <file>bl_flash.obj</file>
         <name>bl_flash.obj</name>
      </input_file>
      <input_file id="fl-b">
         <path>.\boot_loader\</path>
         <kind>object</kind>
         <file>bl_i2c.obj</file>
         <name>bl_i2c.obj</name>
      </input_file>
      <input_file id="fl-c">
         <path>.\boot_loader\</path>
         <kind>object</kind>
         <file>bl_main.obj</file>
         <name>bl_main.obj</name>
      </input_file>
      <input_file id="fl-d">
         <path>.\boot_loader\</path>
         <kind>object</kind>
         <file>bl_packet.obj</file>
         <name>bl_packet.obj</name>
      </input_file>
      <input_file id="fl-e">
         <path>.\boot_loader\</path>
         <kind>object</kind>
         <file>bl_ssi.obj</file>
         <name>bl_ssi.obj</name>
      </input_file>
      <input_file id="fl-f">
         <path>.\boot_loader\</path>
         <kind>object</kind>
         <file>bl_startup_ccs.obj</file>
         <name>bl_startup_ccs.obj</name>
      </input_file>
      <input_file id="fl-10">
         <path>.\boot_loader\</path>
         <kind>object</kind>
         <file>bl_uart.obj</file>
         <name>bl_uart.obj</name>
      </input_file>
      <input_file id="fl-11">
         <path>.\boot_loader\</path>
         <kind>object</kind>
         <file>bl_usb.obj</file>
         <name>bl_usb.obj</name>
      </input_file>
      <input_file id="fl-12">
         <path>.\boot_loader\</path>
         <kind>object</kind>
         <file>bl_usbfuncs.obj</file>
         <name>bl_usbfuncs.obj</name>
      </input_file>
      <input_file id="fl-13">
         <path>.\driverlib\</path>
         <kind>object</kind>
         <file>adc.obj</file>
         <name>adc.obj</name>
      </input_file>
      <input_file id="fl-14">
         <path>.\driverlib\</path>
         <kind>object</kind>
         <file>aes.obj</file>
         <name>aes.obj</name>
      </input_file>
      <input_file id="fl-15">
         <path>.\driverlib\</path>
         <kind>object</kind>
         <file>can.obj</file>
         <name>can.obj</name>
      </input_file>
      <input_file id="fl-16">
         <path>.\driverlib\</path>
         <kind>object</kind>
         <file>comp.obj</file>
         <name>comp.obj</name>
      </input_file>
      <input_file id="fl-17">
         <path>.\driverlib\</path>
         <kind>object</kind>
         <file>cpu.obj</file>
         <name>cpu.obj</name>
      </input_file>
      <input_file id="fl-18">
         <path>.\driverlib\</path>
         <kind>object</kind>
         <file>crc.obj</file>
         <name>crc.obj</name>
      </input_file>
      <input_file id="fl-19">
         <path>.\driverlib\</path>
         <kind>object</kind>
         <file>des.obj</file>
         <name>des.obj</name>
      </input_file>
      <input_file id="fl-1a">
         <path>.\driverlib\</path>
         <kind>object</kind>
         <file>eeprom.obj</file>
         <name>eeprom.obj</name>
      </input_file>
      <input_file id="fl-1b">
         <path>.\driverlib\</path>
         <kind>object</kind>
         <file>emac.obj</file>
         <name>emac.obj</name>
      </input_file>
      <input_file id="fl-1c">
         <path>.\driverlib\</path>
         <kind>object</kind>
         <file>epi.obj</file>
         <name>epi.obj</name>
      </input_file>
      <input_file id="fl-1d">
         <path>.\driverlib\</path>
         <kind>object</kind>
         <file>epi_workaround_ccs.obj</file>
         <name>epi_workaround_ccs.obj</name>
      </input_file>
      <input_file id="fl-1e">
         <path>.\driverlib\</path>
         <kind>object</kind>
         <file>flash.obj</file>
         <name>flash.obj</name>
      </input_file>
      <input_file id="fl-1f">
         <path>.\driverlib\</path>
         <kind>object</kind>
         <file>fpu.obj</file>
         <name>fpu.obj</name>
      </input_file>
      <input_file id="fl-20">
         <path>.\driverlib\</path>
         <kind>object</kind>
         <file>gpio.obj</file>
         <name>gpio.obj</name>
      </input_file>
      <input_file id="fl-21">
         <path>.\driverlib\</path>
         <kind>object</kind>
         <file>hibernate.obj</file>
         <name>hibernate.obj</name>
      </input_file>
      <input_file id="fl-22">
         <path>.\driverlib\</path>
         <kind>object</kind>
         <file>i2c.obj</file>
         <name>i2c.obj</name>
      </input_file>
      <input_file id="fl-23">
         <path>.\driverlib\</path>
         <kind>object</kind>
         <file>interrupt.obj</file>
         <name>interrupt.obj</name>
      </input_file>
      <input_file id="fl-24">
         <path>.\driverlib\</path>
         <kind>object</kind>
         <file>lcd.obj</file>
         <name>lcd.obj</name>
      </input_file>
      <input_file id="fl-25">
         <path>.\driverlib\</path>
         <kind>object</kind>
         <file>mpu.obj</file>
         <name>mpu.obj</name>
      </input_file>
      <input_file id="fl-26">
         <path>.\driverlib\</path>
         <kind>object</kind>
         <file>onewire.obj</file>
         <name>onewire.obj</name>
      </input_file>
      <input_file id="fl-27">
         <path>.\driverlib\</path>
         <kind>object</kind>
         <file>pwm.obj</file>
         <name>pwm.obj</name>
      </input_file>
      <input_file id="fl-28">
         <path>.\driverlib\</path>
         <kind>object</kind>
         <file>qei.obj</file>
         <name>qei.obj</name>
      </input_file>
      <input_file id="fl-29">
         <path>.\driverlib\</path>
         <kind>object</kind>
         <file>shamd5.obj</file>
         <name>shamd5.obj</name>
      </input_file>
      <input_file id="fl-2a">
         <path>.\driverlib\</path>
         <kind>object</kind>
         <file>ssi.obj</file>
         <name>ssi.obj</name>
      </input_file>
      <input_file id="fl-2b">
         <path>.\driverlib\</path>
         <kind>object</kind>
         <file>sw_crc.obj</file>
         <name>sw_crc.obj</name>
      </input_file>
      <input_file id="fl-2c">
         <path>.\driverlib\</path>
         <kind>object</kind>
         <file>sysctl.obj</file>
         <name>sysctl.obj</name>
      </input_file>
      <input_file id="fl-2d">
         <path>.\driverlib\</path>
         <kind>object</kind>
         <file>sysexc.obj</file>
         <name>sysexc.obj</name>
      </input_file>
      <input_file id="fl-2e">
         <path>.\driverlib\</path>
         <kind>object</kind>
         <file>systick.obj</file>
         <name>systick.obj</name>
      </input_file>
      <input_file id="fl-2f">
         <path>.\driverlib\</path>
         <kind>object</kind>
         <file>timer.obj</file>
         <name>timer.obj</name>
      </input_file>
      <input_file id="fl-30">
         <path>.\driverlib\</path>
         <kind>object</kind>
         <file>uart.obj</file>
         <name>uart.obj</name>
      </input_file>
      <input_file id="fl-31">
         <path>.\driverlib\</path>
         <kind>object</kind>
         <file>udma.obj</file>
         <name>udma.obj</name>
      </input_file>
      <input_file id="fl-32">
         <path>.\driverlib\</path>
         <kind>object</kind>
         <file>usb.obj</file>
         <name>usb.obj</name>
      </input_file>
      <input_file id="fl-33">
         <path>.\driverlib\</path>
         <kind>object</kind>
         <file>watchdog.obj</file>
         <name>watchdog.obj</name>
      </input_file>
      <input_file id="fl-3b">
         <kind>object</kind>
         <file>&lt;internal&gt;</file>
         <name>&lt;internal&gt;</name>
      </input_file>
   </input_file_list>
   <object_component_list>
      <object_component id="oc-f">
         <name>.intvecs</name>
         <load_address>0x0</load_address>
         <run_address>0x20000000</run_address>
         <size>0x44</size>
         <input_file_ref idref="fl-f"/>
      </object_component>
      <object_component id="oc-57">
         <name>.text:SysCtlClockFreqSet</name>
         <load_address>0x44</load_address>
         <run_address>0x20000044</run_address>
         <size>0x200</size>
         <input_file_ref idref="fl-2c"/>
      </object_component>
      <object_component id="oc-c2">
         <name>.text:GPIOPadConfigSet</name>
         <load_address>0x244</load_address>
         <run_address>0x20000244</run_address>
         <size>0x132</size>
         <input_file_ref idref="fl-20"/>
      </object_component>
      <object_component id="oc-89">
         <name>.text:BMS_ReceivePacket</name>
         <load_address>0x378</load_address>
         <run_address>0x20000378</run_address>
         <size>0xe8</size>
         <input_file_ref idref="fl-2"/>
      </object_component>
      <object_component id="oc-23">
         <name>.text:ConfigureDevice</name>
         <load_address>0x460</load_address>
         <run_address>0x20000460</run_address>
         <size>0xc0</size>
         <input_file_ref idref="fl-c"/>
      </object_component>
      <object_component id="oc-10">
         <name>.text</name>
         <load_address>0x520</load_address>
         <run_address>0x20000520</run_address>
         <size>0x98</size>
         <input_file_ref idref="fl-f"/>
      </object_component>
      <object_component id="oc-43">
         <name>.text:UART_Config</name>
         <load_address>0x5b8</load_address>
         <run_address>0x200005b8</run_address>
         <size>0x7c</size>
         <input_file_ref idref="fl-2"/>
      </object_component>
      <object_component id="oc-75">
         <name>.text:IntEnable</name>
         <load_address>0x634</load_address>
         <run_address>0x20000634</run_address>
         <size>0x68</size>
         <input_file_ref idref="fl-23"/>
      </object_component>
      <object_component id="oc-63">
         <name>.text:GPIOPinConfigure</name>
         <load_address>0x69c</load_address>
         <run_address>0x2000069c</run_address>
         <size>0x4c</size>
         <input_file_ref idref="fl-20"/>
      </object_component>
      <object_component id="oc-a5">
         <name>.text:_SysCtlFrequencyGet</name>
         <load_address>0x6e8</load_address>
         <run_address>0x200006e8</run_address>
         <size>0x48</size>
         <input_file_ref idref="fl-2c"/>
      </object_component>
      <object_component id="oc-6f">
         <name>.text:UARTConfigSetExpClk</name>
         <load_address>0x730</load_address>
         <run_address>0x20000730</run_address>
         <size>0x46</size>
         <input_file_ref idref="fl-30"/>
      </object_component>
      <object_component id="oc-5d">
         <name>.text:SysCtlPeripheralEnable</name>
         <load_address>0x778</load_address>
         <run_address>0x20000778</run_address>
         <size>0x34</size>
         <input_file_ref idref="fl-2c"/>
      </object_component>
      <object_component id="oc-1d">
         <name>.text:CheckForceUpdate</name>
         <load_address>0x7ac</load_address>
         <run_address>0x200007ac</run_address>
         <size>0x2e</size>
         <input_file_ref idref="fl-6"/>
      </object_component>
      <object_component id="oc-bc">
         <name>.text:GPIODirModeSet</name>
         <load_address>0x7da</load_address>
         <run_address>0x200007da</run_address>
         <size>0x2c</size>
         <input_file_ref idref="fl-20"/>
      </object_component>
      <object_component id="oc-c9">
         <name>.text:UARTDisable</name>
         <load_address>0x808</load_address>
         <run_address>0x20000808</run_address>
         <size>0x20</size>
         <input_file_ref idref="fl-30"/>
      </object_component>
      <object_component id="oc-9f">
         <name>.text:_SysCtlMemTimingGet</name>
         <load_address>0x828</load_address>
         <run_address>0x20000828</run_address>
         <size>0x20</size>
         <input_file_ref idref="fl-2c"/>
      </object_component>
      <object_component id="oc-81">
         <name>.text:GPIOPinTypeGPIOOutput</name>
         <load_address>0x848</load_address>
         <run_address>0x20000848</run_address>
         <size>0x18</size>
         <input_file_ref idref="fl-20"/>
      </object_component>
      <object_component id="oc-69">
         <name>.text:GPIOPinTypeUART</name>
         <load_address>0x860</load_address>
         <run_address>0x20000860</run_address>
         <size>0x16</size>
         <input_file_ref idref="fl-20"/>
      </object_component>
      <object_component id="oc-cf">
         <name>.text:UARTEnable</name>
         <load_address>0x876</load_address>
         <run_address>0x20000876</run_address>
         <size>0x14</size>
         <input_file_ref idref="fl-30"/>
      </object_component>
      <object_component id="oc-29">
         <name>.text:main</name>
         <load_address>0x88a</load_address>
         <run_address>0x2000088a</run_address>
         <size>0x14</size>
         <input_file_ref idref="fl-3"/>
      </object_component>
      <object_component id="oc-49">
         <name>.text:boot_updater</name>
         <load_address>0x8a0</load_address>
         <run_address>0x200008a0</run_address>
         <size>0x10</size>
         <input_file_ref idref="fl-c"/>
      </object_component>
      <object_component id="oc-37">
         <name>.text:HandleUpdate</name>
         <load_address>0x8b0</load_address>
         <run_address>0x200008b0</run_address>
         <size>0xc</size>
         <input_file_ref idref="fl-3"/>
      </object_component>
      <object_component id="oc-de">
         <name>.text:UARTCharGet</name>
         <load_address>0x8bc</load_address>
         <run_address>0x200008bc</run_address>
         <size>0xa</size>
         <input_file_ref idref="fl-30"/>
      </object_component>
      <object_component id="oc-7b">
         <name>.text:UARTIntEnable</name>
         <load_address>0x8c6</load_address>
         <run_address>0x200008c6</run_address>
         <size>0x8</size>
         <input_file_ref idref="fl-30"/>
      </object_component>
      <object_component id="oc-ae">
         <name>.const:g_pppui32XTALtoVCO</name>
         <load_address>0x8d0</load_address>
         <run_address>0x200008d0</run_address>
         <size>0x1b0</size>
         <input_file_ref idref="fl-2c"/>
      </object_component>
      <object_component id="oc-b7">
         <name>.const:g_pui32GPIOBaseAddrs</name>
         <load_address>0xa80</load_address>
         <run_address>0x20000a80</run_address>
         <size>0x90</size>
         <input_file_ref idref="fl-20"/>
      </object_component>
      <object_component id="oc-ab">
         <name>.const:g_pui32Xtals</name>
         <load_address>0xb10</load_address>
         <run_address>0x20000b10</run_address>
         <size>0x6c</size>
         <input_file_ref idref="fl-2c"/>
      </object_component>
      <object_component id="oc-ec">
         <name>.const:g_sXTALtoMEMTIM</name>
         <load_address>0xb7c</load_address>
         <run_address>0x20000b7c</run_address>
         <size>0x30</size>
         <input_file_ref idref="fl-2c"/>
      </object_component>
      <object_component id="oc-d7">
         <name>.const:g_pui32EnRegs</name>
         <load_address>0xbac</load_address>
         <run_address>0x20000bac</run_address>
         <size>0x14</size>
         <input_file_ref idref="fl-23"/>
      </object_component>
      <object_component id="oc-b1">
         <name>.const:g_pui32VCOFrequencies</name>
         <load_address>0xbc0</load_address>
         <run_address>0x20000bc0</run_address>
         <size>0x8</size>
         <input_file_ref idref="fl-2c"/>
      </object_component>
      <object_component id="oc-87">
         <name>.common:g_ui32SysClock</name>
         <uninitialized>true</uninitialized>
         <run_address>0x20000c34</run_address>
         <size>0x4</size>
      </object_component>
      <object_component id="oc-8f">
         <name>.common:rxBuffer</name>
         <uninitialized>true</uninitialized>
         <run_address>0x20000bc8</run_address>
         <size>0x6a</size>
      </object_component>
      <object_component id="oc-1c">
         <name>.stack</name>
         <uninitialized>true</uninitialized>
         <run_address>0x20000c38</run_address>
         <size>0xc0</size>
         <input_file_ref idref="fl-f"/>
      </object_component>
      <object_component id="oc-12c">
         <name>.stack</name>
         <uninitialized>true</uninitialized>
         <run_address>0x20000c38</run_address>
         <size>0x0</size>
      </object_component>
      <object_component id="oc-55">
         <name>.debug_info</name>
         <load_address>0x0</load_address>
         <run_address>0x0</run_address>
         <size>0x56c</size>
         <input_file_ref idref="fl-2"/>
      </object_component>
      <object_component id="oc-46">
         <name>.debug_info</name>
         <load_address>0x56c</load_address>
         <run_address>0x56c</run_address>
         <size>0x218</size>
         <input_file_ref idref="fl-2"/>
      </object_component>
      <object_component id="oc-8a">
         <name>.debug_info</name>
         <load_address>0x784</load_address>
         <run_address>0x784</run_address>
         <size>0x21c</size>
         <input_file_ref idref="fl-2"/>
      </object_component>
      <object_component id="oc-95">
         <name>.debug_info</name>
         <load_address>0x9a0</load_address>
         <run_address>0x9a0</run_address>
         <size>0x34a</size>
         <input_file_ref idref="fl-2"/>
      </object_component>
      <object_component id="oc-9a">
         <name>.debug_info</name>
         <load_address>0xcea</load_address>
         <run_address>0xcea</run_address>
         <size>0x26b</size>
         <input_file_ref idref="fl-2"/>
      </object_component>
      <object_component id="oc-50">
         <name>.debug_info</name>
         <load_address>0xf55</load_address>
         <run_address>0xf55</run_address>
         <size>0x8b</size>
         <input_file_ref idref="fl-2"/>
      </object_component>
      <object_component id="oc-3e">
         <name>.debug_info</name>
         <load_address>0xfe0</load_address>
         <run_address>0xfe0</run_address>
         <size>0x2a4</size>
         <input_file_ref idref="fl-2"/>
      </object_component>
      <object_component id="oc-f1">
         <name>.debug_info</name>
         <load_address>0x1284</load_address>
         <run_address>0x1284</run_address>
         <size>0xef</size>
         <input_file_ref idref="fl-2"/>
      </object_component>
      <object_component id="oc-31">
         <name>.debug_info</name>
         <load_address>0x1373</load_address>
         <run_address>0x1373</run_address>
         <size>0xbb</size>
         <input_file_ref idref="fl-2"/>
      </object_component>
      <object_component id="oc-39">
         <name>.debug_info</name>
         <load_address>0x142e</load_address>
         <run_address>0x142e</run_address>
         <size>0x11c</size>
         <input_file_ref idref="fl-3"/>
      </object_component>
      <object_component id="oc-2c">
         <name>.debug_info</name>
         <load_address>0x154a</load_address>
         <run_address>0x154a</run_address>
         <size>0x12e</size>
         <input_file_ref idref="fl-3"/>
      </object_component>
      <object_component id="oc-e7">
         <name>.debug_info</name>
         <load_address>0x1678</load_address>
         <run_address>0x1678</run_address>
         <size>0x84</size>
         <input_file_ref idref="fl-3"/>
      </object_component>
      <object_component id="oc-20">
         <name>.debug_info</name>
         <load_address>0x16fc</load_address>
         <run_address>0x16fc</run_address>
         <size>0x197</size>
         <input_file_ref idref="fl-6"/>
      </object_component>
      <object_component id="oc-90">
         <name>.debug_info</name>
         <load_address>0x1893</load_address>
         <run_address>0x1893</run_address>
         <size>0x56e</size>
         <input_file_ref idref="fl-c"/>
      </object_component>
      <object_component id="oc-4c">
         <name>.debug_info</name>
         <load_address>0x1e01</load_address>
         <run_address>0x1e01</run_address>
         <size>0x196</size>
         <input_file_ref idref="fl-c"/>
      </object_component>
      <object_component id="oc-26">
         <name>.debug_info</name>
         <load_address>0x1f97</load_address>
         <run_address>0x1f97</run_address>
         <size>0x194</size>
         <input_file_ref idref="fl-c"/>
      </object_component>
      <object_component id="oc-11">
         <name>.debug_info</name>
         <load_address>0x212b</load_address>
         <run_address>0x212b</run_address>
         <size>0x28f</size>
         <input_file_ref idref="fl-f"/>
      </object_component>
      <object_component id="oc-bb">
         <name>.debug_info</name>
         <load_address>0x23ba</load_address>
         <run_address>0x23ba</run_address>
         <size>0x366</size>
         <input_file_ref idref="fl-20"/>
      </object_component>
      <object_component id="oc-b8">
         <name>.debug_info</name>
         <load_address>0x2720</load_address>
         <run_address>0x2720</run_address>
         <size>0xe6</size>
         <input_file_ref idref="fl-20"/>
      </object_component>
      <object_component id="oc-bd">
         <name>.debug_info</name>
         <load_address>0x2806</load_address>
         <run_address>0x2806</run_address>
         <size>0x1b2</size>
         <input_file_ref idref="fl-20"/>
      </object_component>
      <object_component id="oc-c3">
         <name>.debug_info</name>
         <load_address>0x29b8</load_address>
         <run_address>0x29b8</run_address>
         <size>0x215</size>
         <input_file_ref idref="fl-20"/>
      </object_component>
      <object_component id="oc-6a">
         <name>.debug_info</name>
         <load_address>0x2bcd</load_address>
         <run_address>0x2bcd</run_address>
         <size>0x191</size>
         <input_file_ref idref="fl-20"/>
      </object_component>
      <object_component id="oc-82">
         <name>.debug_info</name>
         <load_address>0x2d5e</load_address>
         <run_address>0x2d5e</run_address>
         <size>0x1b6</size>
         <input_file_ref idref="fl-20"/>
      </object_component>
      <object_component id="oc-64">
         <name>.debug_info</name>
         <load_address>0x2f14</load_address>
         <run_address>0x2f14</run_address>
         <size>0x17f</size>
         <input_file_ref idref="fl-20"/>
      </object_component>
      <object_component id="oc-db">
         <name>.debug_info</name>
         <load_address>0x3093</load_address>
         <run_address>0x3093</run_address>
         <size>0x339</size>
         <input_file_ref idref="fl-23"/>
      </object_component>
      <object_component id="oc-d8">
         <name>.debug_info</name>
         <load_address>0x33cc</load_address>
         <run_address>0x33cc</run_address>
         <size>0xdd</size>
         <input_file_ref idref="fl-23"/>
      </object_component>
      <object_component id="oc-77">
         <name>.debug_info</name>
         <load_address>0x34a9</load_address>
         <run_address>0x34a9</run_address>
         <size>0x167</size>
         <input_file_ref idref="fl-23"/>
      </object_component>
      <object_component id="oc-b5">
         <name>.debug_info</name>
         <load_address>0x3610</load_address>
         <run_address>0x3610</run_address>
         <size>0x3c3</size>
         <input_file_ref idref="fl-2c"/>
      </object_component>
      <object_component id="oc-ac">
         <name>.debug_info</name>
         <load_address>0x39d3</load_address>
         <run_address>0x39d3</run_address>
         <size>0xd8</size>
         <input_file_ref idref="fl-2c"/>
      </object_component>
      <object_component id="oc-af">
         <name>.debug_info</name>
         <load_address>0x3aab</load_address>
         <run_address>0x3aab</run_address>
         <size>0xe4</size>
         <input_file_ref idref="fl-2c"/>
      </object_component>
      <object_component id="oc-ed">
         <name>.debug_info</name>
         <load_address>0x3b8f</load_address>
         <run_address>0x3b8f</run_address>
         <size>0xde</size>
         <input_file_ref idref="fl-2c"/>
      </object_component>
      <object_component id="oc-b2">
         <name>.debug_info</name>
         <load_address>0x3c6d</load_address>
         <run_address>0x3c6d</run_address>
         <size>0xeb</size>
         <input_file_ref idref="fl-2c"/>
      </object_component>
      <object_component id="oc-5e">
         <name>.debug_info</name>
         <load_address>0x3d58</load_address>
         <run_address>0x3d58</run_address>
         <size>0x17c</size>
         <input_file_ref idref="fl-2c"/>
      </object_component>
      <object_component id="oc-a0">
         <name>.debug_info</name>
         <load_address>0x3ed4</load_address>
         <run_address>0x3ed4</run_address>
         <size>0x16f</size>
         <input_file_ref idref="fl-2c"/>
      </object_component>
      <object_component id="oc-a6">
         <name>.debug_info</name>
         <load_address>0x4043</load_address>
         <run_address>0x4043</run_address>
         <size>0x1b9</size>
         <input_file_ref idref="fl-2c"/>
      </object_component>
      <object_component id="oc-58">
         <name>.debug_info</name>
         <load_address>0x41fc</load_address>
         <run_address>0x41fc</run_address>
         <size>0x399</size>
         <input_file_ref idref="fl-2c"/>
      </object_component>
      <object_component id="oc-fe">
         <name>.debug_info</name>
         <load_address>0x4595</load_address>
         <run_address>0x4595</run_address>
         <size>0x51</size>
         <input_file_ref idref="fl-2c"/>
      </object_component>
      <object_component id="oc-d6">
         <name>.debug_info</name>
         <load_address>0x45e6</load_address>
         <run_address>0x45e6</run_address>
         <size>0x34d</size>
         <input_file_ref idref="fl-30"/>
      </object_component>
      <object_component id="oc-7c">
         <name>.debug_info</name>
         <load_address>0x4933</load_address>
         <run_address>0x4933</run_address>
         <size>0x18e</size>
         <input_file_ref idref="fl-30"/>
      </object_component>
      <object_component id="oc-d0">
         <name>.debug_info</name>
         <load_address>0x4ac1</load_address>
         <run_address>0x4ac1</run_address>
         <size>0x146</size>
         <input_file_ref idref="fl-30"/>
      </object_component>
      <object_component id="oc-ca">
         <name>.debug_info</name>
         <load_address>0x4c07</load_address>
         <run_address>0x4c07</run_address>
         <size>0x148</size>
         <input_file_ref idref="fl-30"/>
      </object_component>
      <object_component id="oc-70">
         <name>.debug_info</name>
         <load_address>0x4d4f</load_address>
         <run_address>0x4d4f</run_address>
         <size>0x225</size>
         <input_file_ref idref="fl-30"/>
      </object_component>
      <object_component id="oc-df">
         <name>.debug_info</name>
         <load_address>0x4f74</load_address>
         <run_address>0x4f74</run_address>
         <size>0x14c</size>
         <input_file_ref idref="fl-30"/>
      </object_component>
      <object_component id="oc-12d">
         <name>.debug_info</name>
         <load_address>0x50c0</load_address>
         <run_address>0x50c0</run_address>
         <size>0x94</size>
      </object_component>
      <object_component id="oc-94">
         <name>.debug_line</name>
         <load_address>0x0</load_address>
         <run_address>0x0</run_address>
         <size>0xab</size>
         <input_file_ref idref="fl-2"/>
      </object_component>
      <object_component id="oc-44">
         <name>.debug_line</name>
         <load_address>0xab</load_address>
         <run_address>0xab</run_address>
         <size>0x57</size>
         <input_file_ref idref="fl-2"/>
      </object_component>
      <object_component id="oc-8d">
         <name>.debug_line</name>
         <load_address>0x102</load_address>
         <run_address>0x102</run_address>
         <size>0xef</size>
         <input_file_ref idref="fl-2"/>
      </object_component>
      <object_component id="oc-98">
         <name>.debug_line</name>
         <load_address>0x1f1</load_address>
         <run_address>0x1f1</run_address>
         <size>0x34</size>
         <input_file_ref idref="fl-2"/>
      </object_component>
      <object_component id="oc-9d">
         <name>.debug_line</name>
         <load_address>0x225</load_address>
         <run_address>0x225</run_address>
         <size>0x6f</size>
         <input_file_ref idref="fl-2"/>
      </object_component>
      <object_component id="oc-53">
         <name>.debug_line</name>
         <load_address>0x294</load_address>
         <run_address>0x294</run_address>
         <size>0x20</size>
         <input_file_ref idref="fl-2"/>
      </object_component>
      <object_component id="oc-41">
         <name>.debug_line</name>
         <load_address>0x2b4</load_address>
         <run_address>0x2b4</run_address>
         <size>0x73</size>
         <input_file_ref idref="fl-2"/>
      </object_component>
      <object_component id="oc-f4">
         <name>.debug_line</name>
         <load_address>0x327</load_address>
         <run_address>0x327</run_address>
         <size>0x6f</size>
         <input_file_ref idref="fl-2"/>
      </object_component>
      <object_component id="oc-34">
         <name>.debug_line</name>
         <load_address>0x396</load_address>
         <run_address>0x396</run_address>
         <size>0x70</size>
         <input_file_ref idref="fl-2"/>
      </object_component>
      <object_component id="oc-3c">
         <name>.debug_line</name>
         <load_address>0x406</load_address>
         <run_address>0x406</run_address>
         <size>0x42</size>
         <input_file_ref idref="fl-3"/>
      </object_component>
      <object_component id="oc-2b">
         <name>.debug_line</name>
         <load_address>0x448</load_address>
         <run_address>0x448</run_address>
         <size>0x43</size>
         <input_file_ref idref="fl-3"/>
      </object_component>
      <object_component id="oc-ea">
         <name>.debug_line</name>
         <load_address>0x48b</load_address>
         <run_address>0x48b</run_address>
         <size>0x20</size>
         <input_file_ref idref="fl-3"/>
      </object_component>
      <object_component id="oc-22">
         <name>.debug_line</name>
         <load_address>0x4ab</load_address>
         <run_address>0x4ab</run_address>
         <size>0x7b</size>
         <input_file_ref idref="fl-6"/>
      </object_component>
      <object_component id="oc-e6">
         <name>.debug_line</name>
         <load_address>0x526</load_address>
         <run_address>0x526</run_address>
         <size>0x140</size>
         <input_file_ref idref="fl-c"/>
      </object_component>
      <object_component id="oc-4a">
         <name>.debug_line</name>
         <load_address>0x666</load_address>
         <run_address>0x666</run_address>
         <size>0x73</size>
         <input_file_ref idref="fl-c"/>
      </object_component>
      <object_component id="oc-24">
         <name>.debug_line</name>
         <load_address>0x6d9</load_address>
         <run_address>0x6d9</run_address>
         <size>0xbf</size>
         <input_file_ref idref="fl-c"/>
      </object_component>
      <object_component id="oc-14">
         <name>.debug_line</name>
         <load_address>0x798</load_address>
         <run_address>0x798</run_address>
         <size>0x11f</size>
         <input_file_ref idref="fl-f"/>
      </object_component>
      <object_component id="oc-105">
         <name>.debug_line</name>
         <load_address>0x8b7</load_address>
         <run_address>0x8b7</run_address>
         <size>0x59</size>
         <input_file_ref idref="fl-20"/>
      </object_component>
      <object_component id="oc-103">
         <name>.debug_line</name>
         <load_address>0x910</load_address>
         <run_address>0x910</run_address>
         <size>0x37</size>
         <input_file_ref idref="fl-20"/>
      </object_component>
      <object_component id="oc-c0">
         <name>.debug_line</name>
         <load_address>0x947</load_address>
         <run_address>0x947</run_address>
         <size>0x4f</size>
         <input_file_ref idref="fl-20"/>
      </object_component>
      <object_component id="oc-c6">
         <name>.debug_line</name>
         <load_address>0x996</load_address>
         <run_address>0x996</run_address>
         <size>0x8b</size>
         <input_file_ref idref="fl-20"/>
      </object_component>
      <object_component id="oc-6d">
         <name>.debug_line</name>
         <load_address>0xa21</load_address>
         <run_address>0xa21</run_address>
         <size>0x53</size>
         <input_file_ref idref="fl-20"/>
      </object_component>
      <object_component id="oc-86">
         <name>.debug_line</name>
         <load_address>0xa74</load_address>
         <run_address>0xa74</run_address>
         <size>0x53</size>
         <input_file_ref idref="fl-20"/>
      </object_component>
      <object_component id="oc-67">
         <name>.debug_line</name>
         <load_address>0xac7</load_address>
         <run_address>0xac7</run_address>
         <size>0x61</size>
         <input_file_ref idref="fl-20"/>
      </object_component>
      <object_component id="oc-10f">
         <name>.debug_line</name>
         <load_address>0xb28</load_address>
         <run_address>0xb28</run_address>
         <size>0x53</size>
         <input_file_ref idref="fl-23"/>
      </object_component>
      <object_component id="oc-10d">
         <name>.debug_line</name>
         <load_address>0xb7b</load_address>
         <run_address>0xb7b</run_address>
         <size>0x3c</size>
         <input_file_ref idref="fl-23"/>
      </object_component>
      <object_component id="oc-76">
         <name>.debug_line</name>
         <load_address>0xbb7</load_address>
         <run_address>0xbb7</run_address>
         <size>0x6b</size>
         <input_file_ref idref="fl-23"/>
      </object_component>
      <object_component id="oc-fd">
         <name>.debug_line</name>
         <load_address>0xc22</load_address>
         <run_address>0xc22</run_address>
         <size>0xc2</size>
         <input_file_ref idref="fl-2c"/>
      </object_component>
      <object_component id="oc-f7">
         <name>.debug_line</name>
         <load_address>0xce4</load_address>
         <run_address>0xce4</run_address>
         <size>0x39</size>
         <input_file_ref idref="fl-2c"/>
      </object_component>
      <object_component id="oc-f9">
         <name>.debug_line</name>
         <load_address>0xd1d</load_address>
         <run_address>0xd1d</run_address>
         <size>0x39</size>
         <input_file_ref idref="fl-2c"/>
      </object_component>
      <object_component id="oc-112">
         <name>.debug_line</name>
         <load_address>0xd56</load_address>
         <run_address>0xd56</run_address>
         <size>0x39</size>
         <input_file_ref idref="fl-2c"/>
      </object_component>
      <object_component id="oc-fb">
         <name>.debug_line</name>
         <load_address>0xd8f</load_address>
         <run_address>0xd8f</run_address>
         <size>0x39</size>
         <input_file_ref idref="fl-2c"/>
      </object_component>
      <object_component id="oc-61">
         <name>.debug_line</name>
         <load_address>0xdc8</load_address>
         <run_address>0xdc8</run_address>
         <size>0x4e</size>
         <input_file_ref idref="fl-2c"/>
      </object_component>
      <object_component id="oc-a3">
         <name>.debug_line</name>
         <load_address>0xe16</load_address>
         <run_address>0xe16</run_address>
         <size>0x58</size>
         <input_file_ref idref="fl-2c"/>
      </object_component>
      <object_component id="oc-a9">
         <name>.debug_line</name>
         <load_address>0xe6e</load_address>
         <run_address>0xe6e</run_address>
         <size>0x68</size>
         <input_file_ref idref="fl-2c"/>
      </object_component>
      <object_component id="oc-5b">
         <name>.debug_line</name>
         <load_address>0xed6</load_address>
         <run_address>0xed6</run_address>
         <size>0x145</size>
         <input_file_ref idref="fl-2c"/>
      </object_component>
      <object_component id="oc-100">
         <name>.debug_line</name>
         <load_address>0x101b</load_address>
         <run_address>0x101b</run_address>
         <size>0x39</size>
         <input_file_ref idref="fl-2c"/>
      </object_component>
      <object_component id="oc-10b">
         <name>.debug_line</name>
         <load_address>0x1054</load_address>
         <run_address>0x1054</run_address>
         <size>0x59</size>
         <input_file_ref idref="fl-30"/>
      </object_component>
      <object_component id="oc-80">
         <name>.debug_line</name>
         <load_address>0x10ad</load_address>
         <run_address>0x10ad</run_address>
         <size>0x4c</size>
         <input_file_ref idref="fl-30"/>
      </object_component>
      <object_component id="oc-d3">
         <name>.debug_line</name>
         <load_address>0x10f9</load_address>
         <run_address>0x10f9</run_address>
         <size>0x4d</size>
         <input_file_ref idref="fl-30"/>
      </object_component>
      <object_component id="oc-cd">
         <name>.debug_line</name>
         <load_address>0x1146</load_address>
         <run_address>0x1146</run_address>
         <size>0x50</size>
         <input_file_ref idref="fl-30"/>
      </object_component>
      <object_component id="oc-73">
         <name>.debug_line</name>
         <load_address>0x1196</load_address>
         <run_address>0x1196</run_address>
         <size>0x6d</size>
         <input_file_ref idref="fl-30"/>
      </object_component>
      <object_component id="oc-e2">
         <name>.debug_line</name>
         <load_address>0x1203</load_address>
         <run_address>0x1203</run_address>
         <size>0x4d</size>
         <input_file_ref idref="fl-30"/>
      </object_component>
      <object_component id="oc-45">
         <name>.debug_frame</name>
         <load_address>0x0</load_address>
         <run_address>0x0</run_address>
         <size>0x5c</size>
         <input_file_ref idref="fl-2"/>
      </object_component>
      <object_component id="oc-8e">
         <name>.debug_frame</name>
         <load_address>0x5c</load_address>
         <run_address>0x5c</run_address>
         <size>0x64</size>
         <input_file_ref idref="fl-2"/>
      </object_component>
      <object_component id="oc-38">
         <name>.debug_frame</name>
         <load_address>0xc0</load_address>
         <run_address>0xc0</run_address>
         <size>0x58</size>
         <input_file_ref idref="fl-3"/>
      </object_component>
      <object_component id="oc-2a">
         <name>.debug_frame</name>
         <load_address>0x118</load_address>
         <run_address>0x118</run_address>
         <size>0x5c</size>
         <input_file_ref idref="fl-3"/>
      </object_component>
      <object_component id="oc-1f">
         <name>.debug_frame</name>
         <load_address>0x174</load_address>
         <run_address>0x174</run_address>
         <size>0x58</size>
         <input_file_ref idref="fl-6"/>
      </object_component>
      <object_component id="oc-4b">
         <name>.debug_frame</name>
         <load_address>0x1cc</load_address>
         <run_address>0x1cc</run_address>
         <size>0x58</size>
         <input_file_ref idref="fl-c"/>
      </object_component>
      <object_component id="oc-25">
         <name>.debug_frame</name>
         <load_address>0x224</load_address>
         <run_address>0x224</run_address>
         <size>0x5c</size>
         <input_file_ref idref="fl-c"/>
      </object_component>
      <object_component id="oc-c1">
         <name>.debug_frame</name>
         <load_address>0x280</load_address>
         <run_address>0x280</run_address>
         <size>0x54</size>
         <input_file_ref idref="fl-20"/>
      </object_component>
      <object_component id="oc-c7">
         <name>.debug_frame</name>
         <load_address>0x2d4</load_address>
         <run_address>0x2d4</run_address>
         <size>0x64</size>
         <input_file_ref idref="fl-20"/>
      </object_component>
      <object_component id="oc-6e">
         <name>.debug_frame</name>
         <load_address>0x338</load_address>
         <run_address>0x338</run_address>
         <size>0x58</size>
         <input_file_ref idref="fl-20"/>
      </object_component>
      <object_component id="oc-85">
         <name>.debug_frame</name>
         <load_address>0x390</load_address>
         <run_address>0x390</run_address>
         <size>0x5c</size>
         <input_file_ref idref="fl-20"/>
      </object_component>
      <object_component id="oc-68">
         <name>.debug_frame</name>
         <load_address>0x3ec</load_address>
         <run_address>0x3ec</run_address>
         <size>0x58</size>
         <input_file_ref idref="fl-20"/>
      </object_component>
      <object_component id="oc-7a">
         <name>.debug_frame</name>
         <load_address>0x444</load_address>
         <run_address>0x444</run_address>
         <size>0x54</size>
         <input_file_ref idref="fl-23"/>
      </object_component>
      <object_component id="oc-62">
         <name>.debug_frame</name>
         <load_address>0x498</load_address>
         <run_address>0x498</run_address>
         <size>0x54</size>
         <input_file_ref idref="fl-2c"/>
      </object_component>
      <object_component id="oc-a4">
         <name>.debug_frame</name>
         <load_address>0x4ec</load_address>
         <run_address>0x4ec</run_address>
         <size>0x54</size>
         <input_file_ref idref="fl-2c"/>
      </object_component>
      <object_component id="oc-aa">
         <name>.debug_frame</name>
         <load_address>0x540</load_address>
         <run_address>0x540</run_address>
         <size>0x5c</size>
         <input_file_ref idref="fl-2c"/>
      </object_component>
      <object_component id="oc-5c">
         <name>.debug_frame</name>
         <load_address>0x59c</load_address>
         <run_address>0x59c</run_address>
         <size>0x6c</size>
         <input_file_ref idref="fl-2c"/>
      </object_component>
      <object_component id="oc-7f">
         <name>.debug_frame</name>
         <load_address>0x608</load_address>
         <run_address>0x608</run_address>
         <size>0x54</size>
         <input_file_ref idref="fl-30"/>
      </object_component>
      <object_component id="oc-d4">
         <name>.debug_frame</name>
         <load_address>0x65c</load_address>
         <run_address>0x65c</run_address>
         <size>0x54</size>
         <input_file_ref idref="fl-30"/>
      </object_component>
      <object_component id="oc-ce">
         <name>.debug_frame</name>
         <load_address>0x6b0</load_address>
         <run_address>0x6b0</run_address>
         <size>0x54</size>
         <input_file_ref idref="fl-30"/>
      </object_component>
      <object_component id="oc-74">
         <name>.debug_frame</name>
         <load_address>0x704</load_address>
         <run_address>0x704</run_address>
         <size>0x5c</size>
         <input_file_ref idref="fl-30"/>
      </object_component>
      <object_component id="oc-e3">
         <name>.debug_frame</name>
         <load_address>0x760</load_address>
         <run_address>0x760</run_address>
         <size>0x54</size>
         <input_file_ref idref="fl-30"/>
      </object_component>
      <object_component id="oc-93">
         <name>.debug_abbrev</name>
         <load_address>0x0</load_address>
         <run_address>0x0</run_address>
         <size>0xd6</size>
         <input_file_ref idref="fl-2"/>
      </object_component>
      <object_component id="oc-88">
         <name>.debug_abbrev</name>
         <load_address>0xd6</load_address>
         <run_address>0xd6</run_address>
         <size>0x5e</size>
         <input_file_ref idref="fl-2"/>
      </object_component>
      <object_component id="oc-e4">
         <name>.debug_abbrev</name>
         <load_address>0x134</load_address>
         <run_address>0x134</run_address>
         <size>0x7c</size>
         <input_file_ref idref="fl-2"/>
      </object_component>
      <object_component id="oc-97">
         <name>.debug_abbrev</name>
         <load_address>0x1b0</load_address>
         <run_address>0x1b0</run_address>
         <size>0x92</size>
         <input_file_ref idref="fl-2"/>
      </object_component>
      <object_component id="oc-9c">
         <name>.debug_abbrev</name>
         <load_address>0x242</load_address>
         <run_address>0x242</run_address>
         <size>0x69</size>
         <input_file_ref idref="fl-2"/>
      </object_component>
      <object_component id="oc-52">
         <name>.debug_abbrev</name>
         <load_address>0x2ab</load_address>
         <run_address>0x2ab</run_address>
         <size>0x1f</size>
         <input_file_ref idref="fl-2"/>
      </object_component>
      <object_component id="oc-40">
         <name>.debug_abbrev</name>
         <load_address>0x2ca</load_address>
         <run_address>0x2ca</run_address>
         <size>0x5c</size>
         <input_file_ref idref="fl-2"/>
      </object_component>
      <object_component id="oc-f3">
         <name>.debug_abbrev</name>
         <load_address>0x326</load_address>
         <run_address>0x326</run_address>
         <size>0x24</size>
         <input_file_ref idref="fl-2"/>
      </object_component>
      <object_component id="oc-33">
         <name>.debug_abbrev</name>
         <load_address>0x34a</load_address>
         <run_address>0x34a</run_address>
         <size>0x24</size>
         <input_file_ref idref="fl-2"/>
      </object_component>
      <object_component id="oc-4f">
         <name>.debug_abbrev</name>
         <load_address>0x36e</load_address>
         <run_address>0x36e</run_address>
         <size>0x5e</size>
         <input_file_ref idref="fl-3"/>
      </object_component>
      <object_component id="oc-3d">
         <name>.debug_abbrev</name>
         <load_address>0x3cc</load_address>
         <run_address>0x3cc</run_address>
         <size>0x5e</size>
         <input_file_ref idref="fl-3"/>
      </object_component>
      <object_component id="oc-e9">
         <name>.debug_abbrev</name>
         <load_address>0x42a</load_address>
         <run_address>0x42a</run_address>
         <size>0x1f</size>
         <input_file_ref idref="fl-3"/>
      </object_component>
      <object_component id="oc-30">
         <name>.debug_abbrev</name>
         <load_address>0x449</load_address>
         <run_address>0x449</run_address>
         <size>0x52</size>
         <input_file_ref idref="fl-6"/>
      </object_component>
      <object_component id="oc-e5">
         <name>.debug_abbrev</name>
         <load_address>0x49b</load_address>
         <run_address>0x49b</run_address>
         <size>0xd2</size>
         <input_file_ref idref="fl-c"/>
      </object_component>
      <object_component id="oc-92">
         <name>.debug_abbrev</name>
         <load_address>0x56d</load_address>
         <run_address>0x56d</run_address>
         <size>0x52</size>
         <input_file_ref idref="fl-c"/>
      </object_component>
      <object_component id="oc-36">
         <name>.debug_abbrev</name>
         <load_address>0x5bf</load_address>
         <run_address>0x5bf</run_address>
         <size>0x5e</size>
         <input_file_ref idref="fl-c"/>
      </object_component>
      <object_component id="oc-2f">
         <name>.debug_abbrev</name>
         <load_address>0x61d</load_address>
         <run_address>0x61d</run_address>
         <size>0x9a</size>
         <input_file_ref idref="fl-f"/>
      </object_component>
      <object_component id="oc-104">
         <name>.debug_abbrev</name>
         <load_address>0x6b7</load_address>
         <run_address>0x6b7</run_address>
         <size>0x7d</size>
         <input_file_ref idref="fl-20"/>
      </object_component>
      <object_component id="oc-102">
         <name>.debug_abbrev</name>
         <load_address>0x734</load_address>
         <run_address>0x734</run_address>
         <size>0x27</size>
         <input_file_ref idref="fl-20"/>
      </object_component>
      <object_component id="oc-106">
         <name>.debug_abbrev</name>
         <load_address>0x75b</load_address>
         <run_address>0x75b</run_address>
         <size>0x6c</size>
         <input_file_ref idref="fl-20"/>
      </object_component>
      <object_component id="oc-107">
         <name>.debug_abbrev</name>
         <load_address>0x7c7</load_address>
         <run_address>0x7c7</run_address>
         <size>0x6c</size>
         <input_file_ref idref="fl-20"/>
      </object_component>
      <object_component id="oc-c8">
         <name>.debug_abbrev</name>
         <load_address>0x833</load_address>
         <run_address>0x833</run_address>
         <size>0x7a</size>
         <input_file_ref idref="fl-20"/>
      </object_component>
      <object_component id="oc-dd">
         <name>.debug_abbrev</name>
         <load_address>0x8ad</load_address>
         <run_address>0x8ad</run_address>
         <size>0x7a</size>
         <input_file_ref idref="fl-20"/>
      </object_component>
      <object_component id="oc-ba">
         <name>.debug_abbrev</name>
         <load_address>0x927</load_address>
         <run_address>0x927</run_address>
         <size>0x6c</size>
         <input_file_ref idref="fl-20"/>
      </object_component>
      <object_component id="oc-10e">
         <name>.debug_abbrev</name>
         <load_address>0x993</load_address>
         <run_address>0x993</run_address>
         <size>0x99</size>
         <input_file_ref idref="fl-23"/>
      </object_component>
      <object_component id="oc-10c">
         <name>.debug_abbrev</name>
         <load_address>0xa2c</load_address>
         <run_address>0xa2c</run_address>
         <size>0x27</size>
         <input_file_ref idref="fl-23"/>
      </object_component>
      <object_component id="oc-da">
         <name>.debug_abbrev</name>
         <load_address>0xa53</load_address>
         <run_address>0xa53</run_address>
         <size>0x6c</size>
         <input_file_ref idref="fl-23"/>
      </object_component>
      <object_component id="oc-fc">
         <name>.debug_abbrev</name>
         <load_address>0xabf</load_address>
         <run_address>0xabf</run_address>
         <size>0xbb</size>
         <input_file_ref idref="fl-2c"/>
      </object_component>
      <object_component id="oc-f6">
         <name>.debug_abbrev</name>
         <load_address>0xb7a</load_address>
         <run_address>0xb7a</run_address>
         <size>0x27</size>
         <input_file_ref idref="fl-2c"/>
      </object_component>
      <object_component id="oc-f8">
         <name>.debug_abbrev</name>
         <load_address>0xba1</load_address>
         <run_address>0xba1</run_address>
         <size>0x27</size>
         <input_file_ref idref="fl-2c"/>
      </object_component>
      <object_component id="oc-111">
         <name>.debug_abbrev</name>
         <load_address>0xbc8</load_address>
         <run_address>0xbc8</run_address>
         <size>0x27</size>
         <input_file_ref idref="fl-2c"/>
      </object_component>
      <object_component id="oc-fa">
         <name>.debug_abbrev</name>
         <load_address>0xbef</load_address>
         <run_address>0xbef</run_address>
         <size>0x27</size>
         <input_file_ref idref="fl-2c"/>
      </object_component>
      <object_component id="oc-b6">
         <name>.debug_abbrev</name>
         <load_address>0xc16</load_address>
         <run_address>0xc16</run_address>
         <size>0x6c</size>
         <input_file_ref idref="fl-2c"/>
      </object_component>
      <object_component id="oc-ef">
         <name>.debug_abbrev</name>
         <load_address>0xc82</load_address>
         <run_address>0xc82</run_address>
         <size>0x6c</size>
         <input_file_ref idref="fl-2c"/>
      </object_component>
      <object_component id="oc-f0">
         <name>.debug_abbrev</name>
         <load_address>0xcee</load_address>
         <run_address>0xcee</run_address>
         <size>0x6c</size>
         <input_file_ref idref="fl-2c"/>
      </object_component>
      <object_component id="oc-b4">
         <name>.debug_abbrev</name>
         <load_address>0xd5a</load_address>
         <run_address>0xd5a</run_address>
         <size>0x7c</size>
         <input_file_ref idref="fl-2c"/>
      </object_component>
      <object_component id="oc-ff">
         <name>.debug_abbrev</name>
         <load_address>0xdd6</load_address>
         <run_address>0xdd6</run_address>
         <size>0x38</size>
         <input_file_ref idref="fl-2c"/>
      </object_component>
      <object_component id="oc-10a">
         <name>.debug_abbrev</name>
         <load_address>0xe0e</load_address>
         <run_address>0xe0e</run_address>
         <size>0x7d</size>
         <input_file_ref idref="fl-30"/>
      </object_component>
      <object_component id="oc-dc">
         <name>.debug_abbrev</name>
         <load_address>0xe8b</load_address>
         <run_address>0xe8b</run_address>
         <size>0x6c</size>
         <input_file_ref idref="fl-30"/>
      </object_component>
      <object_component id="oc-109">
         <name>.debug_abbrev</name>
         <load_address>0xef7</load_address>
         <run_address>0xef7</run_address>
         <size>0x6c</size>
         <input_file_ref idref="fl-30"/>
      </object_component>
      <object_component id="oc-108">
         <name>.debug_abbrev</name>
         <load_address>0xf63</load_address>
         <run_address>0xf63</run_address>
         <size>0x6c</size>
         <input_file_ref idref="fl-30"/>
      </object_component>
      <object_component id="oc-d5">
         <name>.debug_abbrev</name>
         <load_address>0xfcf</load_address>
         <run_address>0xfcf</run_address>
         <size>0x7a</size>
         <input_file_ref idref="fl-30"/>
      </object_component>
      <object_component id="oc-110">
         <name>.debug_abbrev</name>
         <load_address>0x1049</load_address>
         <run_address>0x1049</run_address>
         <size>0x6e</size>
         <input_file_ref idref="fl-30"/>
      </object_component>
      <object_component id="oc-12e">
         <name>.debug_abbrev</name>
         <load_address>0x10b7</load_address>
         <run_address>0x10b7</run_address>
         <size>0xf</size>
      </object_component>
      <object_component id="oc-99">
         <name>.debug_str</name>
         <load_address>0x0</load_address>
         <run_address>0x0</run_address>
         <size>0x177</size>
         <input_file_ref idref="fl-2"/>
      </object_component>
      <object_component id="oc-9e">
         <name>.debug_str</name>
         <load_address>0x177</load_address>
         <run_address>0x177</run_address>
         <size>0x2a5</size>
         <input_file_ref idref="fl-2"/>
      </object_component>
      <object_component id="oc-54">
         <name>.debug_str</name>
         <load_address>0x41c</load_address>
         <run_address>0x41c</run_address>
         <size>0xfd</size>
         <input_file_ref idref="fl-2"/>
      </object_component>
      <object_component id="oc-42">
         <name>.debug_str</name>
         <load_address>0x519</load_address>
         <run_address>0x519</run_address>
         <size>0x33b</size>
         <input_file_ref idref="fl-2"/>
      </object_component>
      <object_component id="oc-f5">
         <name>.debug_str</name>
         <load_address>0x854</load_address>
         <run_address>0x854</run_address>
         <size>0x1b0</size>
         <input_file_ref idref="fl-2"/>
      </object_component>
      <object_component id="oc-35">
         <name>.debug_str</name>
         <load_address>0xa04</load_address>
         <run_address>0xa04</run_address>
         <size>0x13d</size>
         <input_file_ref idref="fl-2"/>
      </object_component>
      <object_component id="oc-eb">
         <name>.debug_str</name>
         <load_address>0xb41</load_address>
         <run_address>0xb41</run_address>
         <size>0xfd</size>
         <input_file_ref idref="fl-3"/>
      </object_component>
      <object_component id="oc-101">
         <name>.debug_str</name>
         <load_address>0xc3e</load_address>
         <run_address>0xc3e</run_address>
         <size>0xba</size>
         <input_file_ref idref="fl-2c"/>
      </object_component>
      <object_component id="oc-47">
         <name>.debug_aranges</name>
         <load_address>0x0</load_address>
         <run_address>0x0</run_address>
         <size>0x20</size>
         <input_file_ref idref="fl-2"/>
      </object_component>
      <object_component id="oc-8b">
         <name>.debug_aranges</name>
         <load_address>0x20</load_address>
         <run_address>0x20</run_address>
         <size>0x20</size>
         <input_file_ref idref="fl-2"/>
      </object_component>
      <object_component id="oc-3a">
         <name>.debug_aranges</name>
         <load_address>0x40</load_address>
         <run_address>0x40</run_address>
         <size>0x20</size>
         <input_file_ref idref="fl-3"/>
      </object_component>
      <object_component id="oc-2d">
         <name>.debug_aranges</name>
         <load_address>0x60</load_address>
         <run_address>0x60</run_address>
         <size>0x20</size>
         <input_file_ref idref="fl-3"/>
      </object_component>
      <object_component id="oc-1e">
         <name>.debug_aranges</name>
         <load_address>0x80</load_address>
         <run_address>0x80</run_address>
         <size>0x20</size>
         <input_file_ref idref="fl-6"/>
      </object_component>
      <object_component id="oc-4e">
         <name>.debug_aranges</name>
         <load_address>0xa0</load_address>
         <run_address>0xa0</run_address>
         <size>0x20</size>
         <input_file_ref idref="fl-c"/>
      </object_component>
      <object_component id="oc-28">
         <name>.debug_aranges</name>
         <load_address>0xc0</load_address>
         <run_address>0xc0</run_address>
         <size>0x20</size>
         <input_file_ref idref="fl-c"/>
      </object_component>
      <object_component id="oc-12">
         <name>.debug_aranges</name>
         <load_address>0xe0</load_address>
         <run_address>0xe0</run_address>
         <size>0x60</size>
         <input_file_ref idref="fl-f"/>
      </object_component>
      <object_component id="oc-be">
         <name>.debug_aranges</name>
         <load_address>0x140</load_address>
         <run_address>0x140</run_address>
         <size>0x20</size>
         <input_file_ref idref="fl-20"/>
      </object_component>
      <object_component id="oc-c4">
         <name>.debug_aranges</name>
         <load_address>0x160</load_address>
         <run_address>0x160</run_address>
         <size>0x20</size>
         <input_file_ref idref="fl-20"/>
      </object_component>
      <object_component id="oc-6b">
         <name>.debug_aranges</name>
         <load_address>0x180</load_address>
         <run_address>0x180</run_address>
         <size>0x20</size>
         <input_file_ref idref="fl-20"/>
      </object_component>
      <object_component id="oc-83">
         <name>.debug_aranges</name>
         <load_address>0x1a0</load_address>
         <run_address>0x1a0</run_address>
         <size>0x20</size>
         <input_file_ref idref="fl-20"/>
      </object_component>
      <object_component id="oc-65">
         <name>.debug_aranges</name>
         <load_address>0x1c0</load_address>
         <run_address>0x1c0</run_address>
         <size>0x20</size>
         <input_file_ref idref="fl-20"/>
      </object_component>
      <object_component id="oc-78">
         <name>.debug_aranges</name>
         <load_address>0x1e0</load_address>
         <run_address>0x1e0</run_address>
         <size>0x20</size>
         <input_file_ref idref="fl-23"/>
      </object_component>
      <object_component id="oc-5f">
         <name>.debug_aranges</name>
         <load_address>0x200</load_address>
         <run_address>0x200</run_address>
         <size>0x20</size>
         <input_file_ref idref="fl-2c"/>
      </object_component>
      <object_component id="oc-a1">
         <name>.debug_aranges</name>
         <load_address>0x220</load_address>
         <run_address>0x220</run_address>
         <size>0x20</size>
         <input_file_ref idref="fl-2c"/>
      </object_component>
      <object_component id="oc-a7">
         <name>.debug_aranges</name>
         <load_address>0x240</load_address>
         <run_address>0x240</run_address>
         <size>0x20</size>
         <input_file_ref idref="fl-2c"/>
      </object_component>
      <object_component id="oc-59">
         <name>.debug_aranges</name>
         <load_address>0x260</load_address>
         <run_address>0x260</run_address>
         <size>0x20</size>
         <input_file_ref idref="fl-2c"/>
      </object_component>
      <object_component id="oc-7d">
         <name>.debug_aranges</name>
         <load_address>0x280</load_address>
         <run_address>0x280</run_address>
         <size>0x20</size>
         <input_file_ref idref="fl-30"/>
      </object_component>
      <object_component id="oc-d1">
         <name>.debug_aranges</name>
         <load_address>0x2a0</load_address>
         <run_address>0x2a0</run_address>
         <size>0x20</size>
         <input_file_ref idref="fl-30"/>
      </object_component>
      <object_component id="oc-cb">
         <name>.debug_aranges</name>
         <load_address>0x2c0</load_address>
         <run_address>0x2c0</run_address>
         <size>0x20</size>
         <input_file_ref idref="fl-30"/>
      </object_component>
      <object_component id="oc-71">
         <name>.debug_aranges</name>
         <load_address>0x2e0</load_address>
         <run_address>0x2e0</run_address>
         <size>0x20</size>
         <input_file_ref idref="fl-30"/>
      </object_component>
      <object_component id="oc-e0">
         <name>.debug_aranges</name>
         <load_address>0x300</load_address>
         <run_address>0x300</run_address>
         <size>0x20</size>
         <input_file_ref idref="fl-30"/>
      </object_component>
      <object_component id="oc-56">
         <name>.debug_pubnames</name>
         <load_address>0x0</load_address>
         <run_address>0x0</run_address>
         <size>0x33</size>
         <input_file_ref idref="fl-2"/>
      </object_component>
      <object_component id="oc-48">
         <name>.debug_pubnames</name>
         <load_address>0x33</load_address>
         <run_address>0x33</run_address>
         <size>0x22</size>
         <input_file_ref idref="fl-2"/>
      </object_component>
      <object_component id="oc-8c">
         <name>.debug_pubnames</name>
         <load_address>0x55</load_address>
         <run_address>0x55</run_address>
         <size>0x28</size>
         <input_file_ref idref="fl-2"/>
      </object_component>
      <object_component id="oc-3b">
         <name>.debug_pubnames</name>
         <load_address>0x7d</load_address>
         <run_address>0x7d</run_address>
         <size>0x23</size>
         <input_file_ref idref="fl-3"/>
      </object_component>
      <object_component id="oc-2e">
         <name>.debug_pubnames</name>
         <load_address>0xa0</load_address>
         <run_address>0xa0</run_address>
         <size>0x1b</size>
         <input_file_ref idref="fl-3"/>
      </object_component>
      <object_component id="oc-21">
         <name>.debug_pubnames</name>
         <load_address>0xbb</load_address>
         <run_address>0xbb</run_address>
         <size>0x27</size>
         <input_file_ref idref="fl-6"/>
      </object_component>
      <object_component id="oc-91">
         <name>.debug_pubnames</name>
         <load_address>0xe2</load_address>
         <run_address>0xe2</run_address>
         <size>0xa4</size>
         <input_file_ref idref="fl-c"/>
      </object_component>
      <object_component id="oc-4d">
         <name>.debug_pubnames</name>
         <load_address>0x186</load_address>
         <run_address>0x186</run_address>
         <size>0x23</size>
         <input_file_ref idref="fl-c"/>
      </object_component>
      <object_component id="oc-27">
         <name>.debug_pubnames</name>
         <load_address>0x1a9</load_address>
         <run_address>0x1a9</run_address>
         <size>0x26</size>
         <input_file_ref idref="fl-c"/>
      </object_component>
      <object_component id="oc-13">
         <name>.debug_pubnames</name>
         <load_address>0x1cf</load_address>
         <run_address>0x1cf</run_address>
         <size>0x9b</size>
         <input_file_ref idref="fl-f"/>
      </object_component>
      <object_component id="oc-b9">
         <name>.debug_pubnames</name>
         <load_address>0x26a</load_address>
         <run_address>0x26a</run_address>
         <size>0x2b</size>
         <input_file_ref idref="fl-20"/>
      </object_component>
      <object_component id="oc-bf">
         <name>.debug_pubnames</name>
         <load_address>0x295</load_address>
         <run_address>0x295</run_address>
         <size>0x25</size>
         <input_file_ref idref="fl-20"/>
      </object_component>
      <object_component id="oc-c5">
         <name>.debug_pubnames</name>
         <load_address>0x2ba</load_address>
         <run_address>0x2ba</run_address>
         <size>0x27</size>
         <input_file_ref idref="fl-20"/>
      </object_component>
      <object_component id="oc-6c">
         <name>.debug_pubnames</name>
         <load_address>0x2e1</load_address>
         <run_address>0x2e1</run_address>
         <size>0x26</size>
         <input_file_ref idref="fl-20"/>
      </object_component>
      <object_component id="oc-84">
         <name>.debug_pubnames</name>
         <load_address>0x307</load_address>
         <run_address>0x307</run_address>
         <size>0x2c</size>
         <input_file_ref idref="fl-20"/>
      </object_component>
      <object_component id="oc-66">
         <name>.debug_pubnames</name>
         <load_address>0x333</load_address>
         <run_address>0x333</run_address>
         <size>0x27</size>
         <input_file_ref idref="fl-20"/>
      </object_component>
      <object_component id="oc-d9">
         <name>.debug_pubnames</name>
         <load_address>0x35a</load_address>
         <run_address>0x35a</run_address>
         <size>0x24</size>
         <input_file_ref idref="fl-23"/>
      </object_component>
      <object_component id="oc-79">
         <name>.debug_pubnames</name>
         <load_address>0x37e</load_address>
         <run_address>0x37e</run_address>
         <size>0x20</size>
         <input_file_ref idref="fl-23"/>
      </object_component>
      <object_component id="oc-ad">
         <name>.debug_pubnames</name>
         <load_address>0x39e</load_address>
         <run_address>0x39e</run_address>
         <size>0x23</size>
         <input_file_ref idref="fl-2c"/>
      </object_component>
      <object_component id="oc-b0">
         <name>.debug_pubnames</name>
         <load_address>0x3c1</load_address>
         <run_address>0x3c1</run_address>
         <size>0x29</size>
         <input_file_ref idref="fl-2c"/>
      </object_component>
      <object_component id="oc-ee">
         <name>.debug_pubnames</name>
         <load_address>0x3ea</load_address>
         <run_address>0x3ea</run_address>
         <size>0x26</size>
         <input_file_ref idref="fl-2c"/>
      </object_component>
      <object_component id="oc-b3">
         <name>.debug_pubnames</name>
         <load_address>0x410</load_address>
         <run_address>0x410</run_address>
         <size>0x2c</size>
         <input_file_ref idref="fl-2c"/>
      </object_component>
      <object_component id="oc-60">
         <name>.debug_pubnames</name>
         <load_address>0x43c</load_address>
         <run_address>0x43c</run_address>
         <size>0x2d</size>
         <input_file_ref idref="fl-2c"/>
      </object_component>
      <object_component id="oc-a2">
         <name>.debug_pubnames</name>
         <load_address>0x469</load_address>
         <run_address>0x469</run_address>
         <size>0x2a</size>
         <input_file_ref idref="fl-2c"/>
      </object_component>
      <object_component id="oc-a8">
         <name>.debug_pubnames</name>
         <load_address>0x493</load_address>
         <run_address>0x493</run_address>
         <size>0x2a</size>
         <input_file_ref idref="fl-2c"/>
      </object_component>
      <object_component id="oc-5a">
         <name>.debug_pubnames</name>
         <load_address>0x4bd</load_address>
         <run_address>0x4bd</run_address>
         <size>0x29</size>
         <input_file_ref idref="fl-2c"/>
      </object_component>
      <object_component id="oc-7e">
         <name>.debug_pubnames</name>
         <load_address>0x4e6</load_address>
         <run_address>0x4e6</run_address>
         <size>0x24</size>
         <input_file_ref idref="fl-30"/>
      </object_component>
      <object_component id="oc-d2">
         <name>.debug_pubnames</name>
         <load_address>0x50a</load_address>
         <run_address>0x50a</run_address>
         <size>0x21</size>
         <input_file_ref idref="fl-30"/>
      </object_component>
      <object_component id="oc-cc">
         <name>.debug_pubnames</name>
         <load_address>0x52b</load_address>
         <run_address>0x52b</run_address>
         <size>0x22</size>
         <input_file_ref idref="fl-30"/>
      </object_component>
      <object_component id="oc-72">
         <name>.debug_pubnames</name>
         <load_address>0x54d</load_address>
         <run_address>0x54d</run_address>
         <size>0x2a</size>
         <input_file_ref idref="fl-30"/>
      </object_component>
      <object_component id="oc-e1">
         <name>.debug_pubnames</name>
         <load_address>0x577</load_address>
         <run_address>0x577</run_address>
         <size>0x22</size>
         <input_file_ref idref="fl-30"/>
      </object_component>
      <object_component id="oc-96">
         <name>.debug_pubtypes</name>
         <load_address>0x0</load_address>
         <run_address>0x0</run_address>
         <size>0x81</size>
         <input_file_ref idref="fl-2"/>
      </object_component>
      <object_component id="oc-9b">
         <name>.debug_pubtypes</name>
         <load_address>0x81</load_address>
         <run_address>0x81</run_address>
         <size>0x25c</size>
         <input_file_ref idref="fl-2"/>
      </object_component>
      <object_component id="oc-51">
         <name>.debug_pubtypes</name>
         <load_address>0x2dd</load_address>
         <run_address>0x2dd</run_address>
         <size>0xff</size>
         <input_file_ref idref="fl-2"/>
      </object_component>
      <object_component id="oc-3f">
         <name>.debug_pubtypes</name>
         <load_address>0x3dc</load_address>
         <run_address>0x3dc</run_address>
         <size>0x330</size>
         <input_file_ref idref="fl-2"/>
      </object_component>
      <object_component id="oc-f2">
         <name>.debug_pubtypes</name>
         <load_address>0x70c</load_address>
         <run_address>0x70c</run_address>
         <size>0x12e</size>
         <input_file_ref idref="fl-2"/>
      </object_component>
      <object_component id="oc-32">
         <name>.debug_pubtypes</name>
         <load_address>0x83a</load_address>
         <run_address>0x83a</run_address>
         <size>0xaa</size>
         <input_file_ref idref="fl-2"/>
      </object_component>
      <object_component id="oc-e8">
         <name>.debug_pubtypes</name>
         <load_address>0x8e4</load_address>
         <run_address>0x8e4</run_address>
         <size>0xed</size>
         <input_file_ref idref="fl-3"/>
      </object_component>
   </object_component_list>
   <logical_group_list>
      <logical_group id="lg-4" display="no" color="cyan">
         <name>.intvecs</name>
         <load_address>0x0</load_address>
         <run_address>0x20000000</run_address>
         <size>0x44</size>
         <contents>
            <object_component_ref idref="oc-f"/>
         </contents>
      </logical_group>
      <logical_group id="lg-5" display="no" color="cyan">
         <name>.text</name>
         <load_address>0x44</load_address>
         <run_address>0x20000044</run_address>
         <size>0x88a</size>
         <contents>
            <object_component_ref idref="oc-57"/>
            <object_component_ref idref="oc-c2"/>
            <object_component_ref idref="oc-89"/>
            <object_component_ref idref="oc-23"/>
            <object_component_ref idref="oc-10"/>
            <object_component_ref idref="oc-43"/>
            <object_component_ref idref="oc-75"/>
            <object_component_ref idref="oc-63"/>
            <object_component_ref idref="oc-a5"/>
            <object_component_ref idref="oc-6f"/>
            <object_component_ref idref="oc-5d"/>
            <object_component_ref idref="oc-1d"/>
            <object_component_ref idref="oc-bc"/>
            <object_component_ref idref="oc-c9"/>
            <object_component_ref idref="oc-9f"/>
            <object_component_ref idref="oc-81"/>
            <object_component_ref idref="oc-69"/>
            <object_component_ref idref="oc-cf"/>
            <object_component_ref idref="oc-29"/>
            <object_component_ref idref="oc-49"/>
            <object_component_ref idref="oc-37"/>
            <object_component_ref idref="oc-de"/>
            <object_component_ref idref="oc-7b"/>
         </contents>
      </logical_group>
      <logical_group id="lg-6" display="no" color="cyan">
         <name>.const</name>
         <load_address>0x8d0</load_address>
         <run_address>0x200008d0</run_address>
         <size>0x2f8</size>
         <contents>
            <object_component_ref idref="oc-ae"/>
            <object_component_ref idref="oc-b7"/>
            <object_component_ref idref="oc-ab"/>
            <object_component_ref idref="oc-ec"/>
            <object_component_ref idref="oc-d7"/>
            <object_component_ref idref="oc-b1"/>
         </contents>
      </logical_group>
      <logical_group id="lg-7" display="no" color="cyan">
         <name>.data</name>
         <run_address>0x20000bc8</run_address>
         <size>0x0</size>
         <contents>
         </contents>
      </logical_group>
      <logical_group id="lg-3" display="no" color="cyan">
         <name>GROUP_1</name>
         <load_address>0x0</load_address>
         <run_address>0x20000000</run_address>
         <size>0xbc8</size>
         <contents>
            <logical_group_ref idref="lg-4"/>
            <logical_group_ref idref="lg-5"/>
            <logical_group_ref idref="lg-6"/>
            <logical_group_ref idref="lg-7"/>
         </contents>
      </logical_group>
      <logical_group id="lg-9" display="no" color="cyan">
         <name>.bss</name>
         <run_address>0x20000bc8</run_address>
         <size>0x70</size>
         <contents>
            <object_component_ref idref="oc-87"/>
            <object_component_ref idref="oc-8f"/>
         </contents>
      </logical_group>
      <logical_group id="lg-a" display="no" color="cyan">
         <name>.stack</name>
         <run_address>0x20000c38</run_address>
         <size>0xc0</size>
         <contents>
            <object_component_ref idref="oc-1c"/>
            <object_component_ref idref="oc-12c"/>
         </contents>
      </logical_group>
      <logical_group id="lg-8" display="no" color="cyan">
         <name>GROUP_2</name>
         <run_address>0x20000bc8</run_address>
         <size>0x130</size>
         <contents>
            <logical_group_ref idref="lg-9"/>
            <logical_group_ref idref="lg-a"/>
         </contents>
      </logical_group>
      <logical_group id="lg-119" display="never" color="cyan">
         <name>.debug_info</name>
         <load_address>0x0</load_address>
         <run_address>0x0</run_address>
         <size>0x5154</size>
         <contents>
            <object_component_ref idref="oc-55"/>
            <object_component_ref idref="oc-46"/>
            <object_component_ref idref="oc-8a"/>
            <object_component_ref idref="oc-95"/>
            <object_component_ref idref="oc-9a"/>
            <object_component_ref idref="oc-50"/>
            <object_component_ref idref="oc-3e"/>
            <object_component_ref idref="oc-f1"/>
            <object_component_ref idref="oc-31"/>
            <object_component_ref idref="oc-39"/>
            <object_component_ref idref="oc-2c"/>
            <object_component_ref idref="oc-e7"/>
            <object_component_ref idref="oc-20"/>
            <object_component_ref idref="oc-90"/>
            <object_component_ref idref="oc-4c"/>
            <object_component_ref idref="oc-26"/>
            <object_component_ref idref="oc-11"/>
            <object_component_ref idref="oc-bb"/>
            <object_component_ref idref="oc-b8"/>
            <object_component_ref idref="oc-bd"/>
            <object_component_ref idref="oc-c3"/>
            <object_component_ref idref="oc-6a"/>
            <object_component_ref idref="oc-82"/>
            <object_component_ref idref="oc-64"/>
            <object_component_ref idref="oc-db"/>
            <object_component_ref idref="oc-d8"/>
            <object_component_ref idref="oc-77"/>
            <object_component_ref idref="oc-b5"/>
            <object_component_ref idref="oc-ac"/>
            <object_component_ref idref="oc-af"/>
            <object_component_ref idref="oc-ed"/>
[...]
            <object_component_ref idref="oc-70"/>
            <object_component_ref idref="oc-df"/>
            <object_component_ref idref="oc-12d"/>
         </contents>
      </logical_group>
      <logical_group id="lg-11b" display="never" color="cyan">
         <name>.debug_line</name>
         <load_address>0x0</load_address>
         <run_address>0x0</run_address>
         <size>0x1250</size>
         <contents>
            <object_component_ref idref="oc-94"/>
            <object_component_ref idref="oc-44"/>
            <object_component_ref idref="oc-8d"/>
            <object_component_ref idref="oc-98"/>
            <object_component_ref idref="oc-9d"/>
            <object_component_ref idref="oc-53"/>
            <object_component_ref idref="oc-41"/>
            <object_component_ref idref="oc-f4"/>
            <object_component_ref idref="oc-34"/>
            <object_component_ref idref="oc-3c"/>
            <object_component_ref idref="oc-2b"/>
            <object_component_ref idref="oc-ea"/>
            <object_component_ref idref="oc-22"/>
            <object_component_ref idref="oc-e6"/>
            <object_component_ref idref="oc-4a"/>
            <object_component_ref idref="oc-24"/>
            <object_component_ref idref="oc-14"/>
            <object_component_ref idref="oc-105"/>
            <object_component_ref idref="oc-103"/>
            <object_component_ref idref="oc-c0"/>
            <object_component_ref idref="oc-c6"/>
            <object_component_ref idref="oc-6d"/>
            <object_component_ref idref="oc-86"/>
            <object_component_ref idref="oc-67"/>
            <object_component_ref idref="oc-10f"/>
            <object_component_ref idref="oc-10d"/>
            <object_component_ref idref="oc-76"/>
            <object_component_ref idref="oc-fd"/>
            <object_component_ref idref="oc-f7"/>
            <object_component_ref idref="oc-f9"/>
            <object_component_ref idref="oc-112"/>
            <object_component_ref idref="oc-fb"/>
            <object_component_ref idref="oc-61"/>
            <object_component_ref idref="oc-a3"/>
            <object_component_ref idref="oc-a9"/>
            <object_component_ref idref="oc-5b"/>
            <object_component_ref idref="oc-100"/>
            <object_component_ref idref="oc-10b"/>
            <object_component_ref idref="oc-80"/>
            <object_component_ref idref="oc-d3"/>
            <object_component_ref idref="oc-cd"/>
            <object_component_ref idref="oc-73"/>
            <object_component_ref idref="oc-e2"/>
         </contents>
      </logical_group>
      <logical_group id="lg-11d" display="never" color="cyan">
         <name>.debug_frame</name>
         <load_address>0x0</load_address>
         <run_address>0x0</run_address>
         <size>0x7b4</size>
         <contents>
            <object_component_ref idref="oc-45"/>
            <object_component_ref idref="oc-8e"/>
            <object_component_ref idref="oc-38"/>
            <object_component_ref idref="oc-2a"/>
            <object_component_ref idref="oc-1f"/>
            <object_component_ref idref="oc-4b"/>
            <object_component_ref idref="oc-25"/>
            <object_component_ref idref="oc-c1"/>
            <object_component_ref idref="oc-c7"/>
            <object_component_ref idref="oc-6e"/>
            <object_component_ref idref="oc-85"/>
            <object_component_ref idref="oc-68"/>
            <object_component_ref idref="oc-7a"/>
            <object_component_ref idref="oc-62"/>
            <object_component_ref idref="oc-a4"/>
            <object_component_ref idref="oc-aa"/>
            <object_component_ref idref="oc-5c"/>
            <object_component_ref idref="oc-7f"/>
            <object_component_ref idref="oc-d4"/>
            <object_component_ref idref="oc-ce"/>
            <object_component_ref idref="oc-74"/>
            <object_component_ref idref="oc-e3"/>
         </contents>
      </logical_group>
      <logical_group id="lg-11f" display="never" color="cyan">
         <name>.debug_abbrev</name>
         <load_address>0x0</load_address>
         <run_address>0x0</run_address>
         <size>0x10c6</size>
         <contents>
            <object_component_ref idref="oc-93"/>
            <object_component_ref idref="oc-88"/>
            <object_component_ref idref="oc-e4"/>
            <object_component_ref idref="oc-97"/>
            <object_component_ref idref="oc-9c"/>
            <object_component_ref idref="oc-52"/>
            <object_component_ref idref="oc-40"/>
            <object_component_ref idref="oc-f3"/>
            <object_component_ref idref="oc-33"/>
            <object_component_ref idref="oc-4f"/>
            <object_component_ref idref="oc-3d"/>
            <object_component_ref idref="oc-e9"/>
            <object_component_ref idref="oc-30"/>
            <object_component_ref idref="oc-e5"/>
            <object_component_ref idref="oc-92"/>
            <object_component_ref idref="oc-36"/>
            <object_component_ref idref="oc-2f"/>
            <object_component_ref idref="oc-104"/>
            <object_component_ref idref="oc-102"/>
            <object_component_ref idref="oc-106"/>
            <object_component_ref idref="oc-107"/>
            <object_component_ref idref="oc-c8"/>
            <object_component_ref idref="oc-dd"/>
            <object_component_ref idref="oc-ba"/>
            <object_component_ref idref="oc-10e"/>
            <object_component_ref idref="oc-10c"/>
            <object_component_ref idref="oc-da"/>
            <object_component_ref idref="oc-fc"/>
            <object_component_ref idref="oc-f6"/>
            <object_component_ref idref="oc-f8"/>
            <object_component_ref idref="oc-111"/>
            <object_component_ref idref="oc-fa"/>
            <object_component_ref idref="oc-b6"/>
            <object_component_ref idref="oc-ef"/>
            <object_component_ref idref="oc-f0"/>
            <object_component_ref idref="oc-b4"/>
            <object_component_ref idref="oc-ff"/>
            <object_component_ref idref="oc-10a"/>
            <object_component_ref idref="oc-dc"/>
            <object_component_ref idref="oc-109"/>
            <object_component_ref idref="oc-108"/>
            <object_component_ref idref="oc-d5"/>
            <object_component_ref idref="oc-110"/>
            <object_component_ref idref="oc-12e"/>
         </contents>
      </logical_group>
      <logical_group id="lg-121" display="never" color="cyan">
         <name>.debug_str</name>
         <load_address>0x0</load_address>
         <run_address>0x0</run_address>
         <size>0xcf8</size>
         <contents>
            <object_component_ref idref="oc-99"/>
            <object_component_ref idref="oc-9e"/>
            <object_component_ref idref="oc-54"/>
            <object_component_ref idref="oc-42"/>
            <object_component_ref idref="oc-f5"/>
            <object_component_ref idref="oc-35"/>
            <object_component_ref idref="oc-eb"/>
            <object_component_ref idref="oc-101"/>
         </contents>
      </logical_group>
      <logical_group id="lg-123" display="never" color="cyan">
         <name>.debug_aranges</name>
         <load_address>0x0</load_address>
         <run_address>0x0</run_address>
         <size>0x320</size>
         <contents>
            <object_component_ref idref="oc-47"/>
            <object_component_ref idref="oc-8b"/>
            <object_component_ref idref="oc-3a"/>
            <object_component_ref idref="oc-2d"/>
            <object_component_ref idref="oc-1e"/>
            <object_component_ref idref="oc-4e"/>
            <object_component_ref idref="oc-28"/>
            <object_component_ref idref="oc-12"/>
            <object_component_ref idref="oc-be"/>
            <object_component_ref idref="oc-c4"/>
            <object_component_ref idref="oc-6b"/>
            <object_component_ref idref="oc-83"/>
            <object_component_ref idref="oc-65"/>
            <object_component_ref idref="oc-78"/>
            <object_component_ref idref="oc-5f"/>
            <object_component_ref idref="oc-a1"/>
            <object_component_ref idref="oc-a7"/>
            <object_component_ref idref="oc-59"/>
            <object_component_ref idref="oc-7d"/>
            <object_component_ref idref="oc-d1"/>
            <object_component_ref idref="oc-cb"/>
            <object_component_ref idref="oc-71"/>
            <object_component_ref idref="oc-e0"/>
         </contents>
      </logical_group>
      <logical_group id="lg-125" display="never" color="cyan">
         <name>.debug_pubnames</name>
         <load_address>0x0</load_address>
         <run_address>0x0</run_address>
         <size>0x599</size>
         <contents>
            <object_component_ref idref="oc-56"/>
            <object_component_ref idref="oc-48"/>
            <object_component_ref idref="oc-8c"/>
            <object_component_ref idref="oc-3b"/>
            <object_component_ref idref="oc-2e"/>
            <object_component_ref idref="oc-21"/>
            <object_component_ref idref="oc-91"/>
            <object_component_ref idref="oc-4d"/>
            <object_component_ref idref="oc-27"/>
            <object_component_ref idref="oc-13"/>
            <object_component_ref idref="oc-b9"/>
            <object_component_ref idref="oc-bf"/>
            <object_component_ref idref="oc-c5"/>
            <object_component_ref idref="oc-6c"/>
            <object_component_ref idref="oc-84"/>
            <object_component_ref idref="oc-66"/>
            <object_component_ref idref="oc-d9"/>
            <object_component_ref idref="oc-79"/>
            <object_component_ref idref="oc-ad"/>
            <object_component_ref idref="oc-b0"/>
            <object_component_ref idref="oc-ee"/>
            <object_component_ref idref="oc-b3"/>
            <object_component_ref idref="oc-60"/>
            <object_component_ref idref="oc-a2"/>
            <object_component_ref idref="oc-a8"/>
            <object_component_ref idref="oc-5a"/>
            <object_component_ref idref="oc-7e"/>
            <object_component_ref idref="oc-d2"/>
            <object_component_ref idref="oc-cc"/>
            <object_component_ref idref="oc-72"/>
            <object_component_ref idref="oc-e1"/>
         </contents>
      </logical_group>
      <logical_group id="lg-127" display="never" color="cyan">
         <name>.debug_pubtypes</name>
         <load_address>0x0</load_address>
         <run_address>0x0</run_address>
         <size>0x9d1</size>
         <contents>
            <object_component_ref idref="oc-96"/>
            <object_component_ref idref="oc-9b"/>
            <object_component_ref idref="oc-51"/>
            <object_component_ref idref="oc-3f"/>
            <object_component_ref idref="oc-f2"/>
            <object_component_ref idref="oc-32"/>
            <object_component_ref idref="oc-e8"/>
         </contents>
      </logical_group>
      <logical_group id="lg-12b" display="no" color="cyan">
         <name>Veneer$$CMSE</name>
         <run_address>0x0</run_address>
         <size>0x0</size>
         <contents>
         </contents>
      </logical_group>
      <load_segment id="lg-133" display="no" color="cyan">
         <name>SEGMENT_0</name>
         <load_address>0x0</load_address>
         <run_address>0x20000000</run_address>
         <size>0xbc8</size>
         <flags>0x5</flags>
         <contents>
            <logical_group_ref idref="lg-4"/>
            <logical_group_ref idref="lg-5"/>
            <logical_group_ref idref="lg-6"/>
         </contents>
      </load_segment>
      <load_segment id="lg-134" display="no" color="cyan">
         <name>SEGMENT_1</name>
         <run_address>0x20000bc8</run_address>
         <size>0x130</size>
         <flags>0x6</flags>
         <contents>
            <logical_group_ref idref="lg-9"/>
            <logical_group_ref idref="lg-a"/>
         </contents>
      </load_segment>
   </logical_group_list>
   <placement_map>
      <memory_area display="yes" color="green">
         <name>FLASH</name>
         <page_id>0x0</page_id>
         <origin>0x0</origin>
         <length>0x10000</length>
         <used_space>0xbc8</used_space>
         <unused_space>0xf438</unused_space>
         <attributes>RX</attributes>
         <usage_details>
            <allocated_space>
               <start_address>0x0</start_address>
               <size>0xbc8</size>
               <logical_group_ref idref="lg-3"/>
            </allocated_space>
            <available_space>
               <start_address>0xbc8</start_address>
               <size>0xf438</size>
            </available_space>
         </usage_details>
      </memory_area>
      <memory_area display="yes" color="green">
         <name>SRAM</name>
         <page_id>0x0</page_id>
         <origin>0x20000000</origin>
         <length>0x10000</length>
         <used_space>0xcf8</used_space>
         <unused_space>0xf308</unused_space>
         <attributes>RWX</attributes>
         <usage_details>
            <allocated_space>
               <start_address>0x20000000</start_address>
               <size>0xbc8</size>
               <logical_group_ref idref="lg-3"/>
            </allocated_space>
            <allocated_space>
               <start_address>0x20000bc8</start_address>
               <size>0x130</size>
               <logical_group_ref idref="lg-8"/>
            </allocated_space>
            <available_space>
               <start_address>0x20000cf8</start_address>
               <size>0xf308</size>
            </available_space>
         </usage_details>
      </memory_area>
   </placement_map>
   <symbol_table>
      <symbol id="sm-1">
         <name>init_load</name>
         <value>0x0</value>
      </symbol>
      <symbol id="sm-2">
         <name>init_run</name>
         <value>0x20000000</value>
      </symbol>
      <symbol id="sm-3">
         <name>init_size</name>
         <value>0xbc8</value>
      </symbol>
      <symbol id="sm-4">
         <name>bss_run</name>
         <value>0x20000bc8</value>
      </symbol>
      <symbol id="sm-5">
         <name>bss_end</name>
         <value>0x20000cf8</value>
      </symbol>
      <symbol id="sm-6">
         <name>bss_size</name>
         <value>0x130</value>
      </symbol>
      <symbol id="sm-7">
         <name>__STACK_TOP</name>
         <value>0x20000cf8</value>
      </symbol>
      <symbol id="sm-8">
         <name>binit</name>
         <value>0xffffffff</value>
      </symbol>
      <symbol id="sm-9">
         <name>__binit__</name>
         <value>0xffffffff</value>
      </symbol>
      <symbol id="sm-a">
         <name>__STACK_SIZE</name>
         <value>0xc0</value>
      </symbol>
      <symbol id="sm-b">
         <name>__STACK_END</name>
         <value>0x20000cf8</value>
      </symbol>
      <symbol id="sm-c">
         <name>__c_args__</name>
         <value>0xffffffff</value>
      </symbol>
      <symbol id="sm-d">
         <name>__TI_pprof_out_hndl</name>
         <value>0xffffffff</value>
      </symbol>
      <symbol id="sm-e">
         <name>__TI_prof_data_start</name>
         <value>0xffffffff</value>
      </symbol>
      <symbol id="sm-f">
         <name>__TI_prof_data_size</name>
         <value>0xffffffff</value>
      </symbol>
      <symbol id="sm-10">
         <name>__TI_static_base__</name>
         <value>0x20000000</value>
      </symbol>
      <symbol id="sm-66">
         <name>g_ui32SysClock</name>
         <value>0x20000c34</value>
      </symbol>
      <symbol id="sm-67">
         <name>BMS_ReceivePacket</name>
         <value>0x20000379</value>
         <object_component_ref idref="oc-89"/>
      </symbol>
      <symbol id="sm-68">
         <name>UART_Config</name>
         <value>0x200005b9</value>
         <object_component_ref idref="oc-43"/>
      </symbol>
      <symbol id="sm-80">
         <name>main</name>
         <value>0x2000088b</value>
         <object_component_ref idref="oc-29"/>
      </symbol>
      <symbol id="sm-81">
         <name>HandleUpdate</name>
         <value>0x200008b1</value>
         <object_component_ref idref="oc-37"/>
      </symbol>
      <symbol id="sm-8f">
         <name>CheckForceUpdate</name>
         <value>0x200007ad</value>
         <object_component_ref idref="oc-1d"/>
      </symbol>
      <symbol id="sm-b2">
         <name>rxBuffer</name>
         <value>0x20000bc8</value>
      </symbol>
      <symbol id="sm-b3">
         <name>boot_updater</name>
         <value>0x200008a1</value>
         <object_component_ref idref="oc-49"/>
      </symbol>
      <symbol id="sm-b4">
         <name>ConfigureDevice</name>
         <value>0x20000461</value>
         <object_component_ref idref="oc-23"/>
      </symbol>
      <symbol id="sm-ce">
         <name>Vectors</name>
         <value>0x20000000</value>
         <object_component_ref idref="oc-f"/>
      </symbol>
      <symbol id="sm-cf">
         <name>_c_int00</name>
         <value>0x200005b7</value>
         <object_component_ref idref="oc-10"/>
      </symbol>
      <symbol id="sm-d0">
         <name>ResetISR</name>
         <value>0x20000565</value>
         <object_component_ref idref="oc-10"/>
      </symbol>
      <symbol id="sm-d1">
         <name>Delay</name>
         <value>0x200005b1</value>
         <object_component_ref idref="oc-10"/>
      </symbol>
      <symbol id="sm-d2">
         <name>__stack</name>
         <value>0x20000c38</value>
         <object_component_ref idref="oc-1c"/>
      </symbol>
      <symbol id="sm-d3">
         <name>StartApplication</name>
         <value>0x20000587</value>
         <object_component_ref idref="oc-10"/>
      </symbol>
      <symbol id="sm-11e">
         <name>GPIOPinConfigure</name>
         <value>0x2000069d</value>
         <object_component_ref idref="oc-63"/>
      </symbol>
      <symbol id="sm-11f">
         <name>GPIOPinTypeUART</name>
         <value>0x20000861</value>
         <object_component_ref idref="oc-69"/>
      </symbol>
      <symbol id="sm-120">
         <name>GPIOPinTypeGPIOOutput</name>
         <value>0x20000849</value>
         <object_component_ref idref="oc-81"/>
      </symbol>
      <symbol id="sm-121">
         <name>GPIODirModeSet</name>
         <value>0x200007db</value>
         <object_component_ref idref="oc-bc"/>
      </symbol>
      <symbol id="sm-122">
         <name>GPIOPadConfigSet</name>
         <value>0x20000245</value>
         <object_component_ref idref="oc-c2"/>
      </symbol>
      <symbol id="sm-143">
         <name>IntEnable</name>
         <value>0x20000635</value>
         <object_component_ref idref="oc-75"/>
      </symbol>
      <symbol id="sm-1b9">
         <name>SysCtlPeripheralEnable</name>
         <value>0x20000779</value>
         <object_component_ref idref="oc-5d"/>
      </symbol>
      <symbol id="sm-1ba">
         <name>SysCtlClockFreqSet</name>
         <value>0x20000045</value>
         <object_component_ref idref="oc-57"/>
      </symbol>
      <symbol id="sm-1ef">
         <name>UARTConfigSetExpClk</name>
         <value>0x20000731</value>
         <object_component_ref idref="oc-6f"/>
      </symbol>
      <symbol id="sm-1f0">
         <name>UARTDisable</name>
         <value>0x20000809</value>
         <object_component_ref idref="oc-c9"/>
      </symbol>
      <symbol id="sm-1f1">
         <name>UARTIntEnable</name>
         <value>0x200008c7</value>
         <object_component_ref idref="oc-7b"/>
      </symbol>
      <symbol id="sm-1f2">
         <name>UARTEnable</name>
         <value>0x20000877</value>
         <object_component_ref idref="oc-cf"/>
      </symbol>
      <symbol id="sm-1f3">
         <name>UARTCharGet</name>
         <value>0x200008bd</value>
         <object_component_ref idref="oc-de"/>
      </symbol>
   </symbol_table>
   <title>Link successful</title>
</link_info>
