******************************************************************************
                  TI ARM Linker PC v20.2.5                     
******************************************************************************
>> Linked Mon Jul  4 19:53:02 2022

OUTPUT FILE NAME:   <boot_serial.out>
ENTRY POINT SYMBOL: "_c_int00"  address: 2000039f


MEMORY CONFIGURATION

         name            origin    length      used     unused   attr    fill
----------------------  --------  ---------  --------  --------  ----  --------
  FLASH                 00000000   00010000  00000544  0000fabc  R  X
  SRAM                  20000000   00010000  00000664  0000f99c  RW X


SEGMENT ALLOCATION MAP

run origin  load origin   length   init length attrs members
----------  ----------- ---------- ----------- ----- -------
20000000    00000000    00000544   00000544    r-x
  20000000    00000000    00000044   00000044    r-- .intvecs
  20000044    00000044    000004fc   000004fc    r-x .text
  20000540    00000540    00000004   00000004    r-- .const
20000548    20000548    00000120   00000000    rw-
  20000548    20000548    0000005d   00000000    rw- .bss
  200005a8    200005a8    000000c0   00000000    rw- .stack


SECTION ALLOCATION MAP

 output                                  attributes/
section   page    origin      length       input sections
--------  ----  ----------  ----------   ----------------
.intvecs   0    00000000    00000044     RUN ADDR = 20000000
                  00000000    00000044     bl_startup_ccs.obj (.intvecs)

.text      0    00000044    000004fc     RUN ADDR = 20000044
                  00000044    00000204     bl_main.obj (.text:Updater)
                  00000248    000000c0     bl_main.obj (.text:ConfigureDevice)
                  00000308    00000098     bl_startup_ccs.obj (.text)
                  000003a0    0000006a     bl_packet.obj (.text:ReceivePacket)
                  0000040a    0000004a     bl_packet.obj (.text:SendPacket)
                  00000454    0000002e     bl_check.obj (.text:CheckForceUpdate)
                  00000482    00000002     --HOLE-- [fill = 0]
                  00000484    0000002c     bl_flash.obj (.text:BLInternalFlashStartAddrCheck)
                  000004b0    00000024     bl_uart.obj (.text:UARTSend)
                  000004d4    00000020     bl_uart.obj (.text:UARTReceive)
                  000004f4    00000018     bl_packet.obj (.text:CheckSum)
                  0000050c    00000014     bl_uart.obj (.text:UARTFlush)
                  00000520    0000000c     bl_packet.obj (.text:AckPacket)
                  0000052c    0000000c     bl_packet.obj (.text:NakPacket)
                  00000538    00000008     bl_main.obj (.text:SwapWord)

.const     0    00000540    00000004     RUN ADDR = 20000540
                  00000540    00000002     bl_packet.obj (.const:.string:g_pui8ACK)
                  00000542    00000002     bl_packet.obj (.const:.string:g_pui8NAK)

.data      0    00000544    00000000     UNINITIALIZEDRUN ADDR = 20000544

.bss       0    20000548    0000005d     UNINITIALIZED
                  20000548    00000050     (.common:g_pui32DataBuffer)
                  20000598    00000004     (.common:g_pui8DataBuffer)
                  2000059c    00000004     (.common:g_ui32TransferAddress)
                  200005a0    00000004     (.common:g_ui32TransferSize)
                  200005a4    00000001     (.common:g_ui8Status)

.stack     0    200005a8    000000c0     UNINITIALIZED
                  200005a8    000000c0     bl_startup_ccs.obj (.stack)

MODULE SUMMARY

       Module               code   ro data   rw data
       ------               ----   -------   -------
    .\boot_loader\
       bl_main.obj          1432   0         93     
       bl_packet.obj        456    8         0      
       bl_startup_ccs.obj   304    136       0      
       bl_uart.obj          176    0         0      
       bl_check.obj         92     0         0      
       bl_flash.obj         88     0         0      
    +--+--------------------+------+---------+---------+
       Total:               2548   144       93     
                                                    
       Stack:               0      0         192    
    +--+--------------------+------+---------+---------+
       Grand Total:         2548   144       285    


GLOBAL SYMBOLS: SORTED ALPHABETICALLY BY Name 

address   name                         
-------   ----                         
20000521  AckPacket                    
20000485  BLInternalFlashStartAddrCheck
20000455  CheckForceUpdate             
200004f5  CheckSum                     
20000249  ConfigureDevice              
20000399  Delay                        
2000052d  NakPacket                    
200003a1  ReceivePacket                
2000034d  ResetISR                     
2000040b  SendPacket                   
2000036f  StartApplication             
20000539  SwapWord                     
2000050d  UARTFlush                    
200004d5  UARTReceive                  
200004b1  UARTSend                     
20000045  Updater                      
20000000  Vectors                      
20000668  __STACK_END                  
000000c0  __STACK_SIZE                 
20000668  __STACK_TOP                  
ffffffff  __TI_pprof_out_hndl          
ffffffff  __TI_prof_data_size          
ffffffff  __TI_prof_data_start         
20000000  __TI_static_base__           
ffffffff  __binit__                    
ffffffff  __c_args__                   
200005a8  __stack                      
2000039f  _c_int00                     
ffffffff  binit                        
20000668  bss_end                      
20000548  bss_run                      
00000120  bss_size                     
20000548  g_pui32DataBuffer            
20000598  g_pui8DataBuffer             
2000059c  g_ui32TransferAddress        
200005a0  g_ui32TransferSize           
200005a4  g_ui8Status                  
00000000  init_load                    
20000000  init_run                     
00000544  init_size                    


GLOBAL SYMBOLS: SORTED BY Symbol Address 

address   name                         
-------   ----                         
00000000  init_load                    
000000c0  __STACK_SIZE                 
00000120  bss_size                     
00000544  init_size                    
20000000  Vectors                      
20000000  __TI_static_base__           
20000000  init_run                     
20000045  Updater                      
20000249  ConfigureDevice              
2000034d  ResetISR                     
2000036f  StartApplication             
20000399  Delay                        
2000039f  _c_int00                     
200003a1  ReceivePacket                
2000040b  SendPacket                   
20000455  CheckForceUpdate             
20000485  BLInternalFlashStartAddrCheck
200004b1  UARTSend                     
200004d5  UARTReceive                  
200004f5  CheckSum                     
2000050d  UARTFlush                    
20000521  AckPacket                    
2000052d  NakPacket                    
20000539  SwapWord                     
20000548  bss_run                      
20000548  g_pui32DataBuffer            
20000598  g_pui8DataBuffer             
2000059c  g_ui32TransferAddress        
200005a0  g_ui32TransferSize           
200005a4  g_ui8Status                  
200005a8  __stack                      
20000668  __STACK_END                  
20000668  __STACK_TOP                  
20000668  bss_end                      
ffffffff  __TI_pprof_out_hndl          
ffffffff  __TI_prof_data_size          
ffffffff  __TI_prof_data_start         
ffffffff  __binit__                    
ffffffff  __c_args__                   
ffffffff  binit                        

[40 symbols]
