******************************************************************************
                  TI ARM Linker PC v20.2.5                     
******************************************************************************
>> Linked Fri Jul  8 15:33:13 2022

OUTPUT FILE NAME:   <boot_apppart.out>
ENTRY POINT SYMBOL: "_c_int00_noargs"  address: 00006c19


MEMORY CONFIGURATION

         name            origin    length      used     unused   attr    fill
----------------------  --------  ---------  --------  --------  ----  --------
  FLASH                 00004000   000ff060  0000332c  000fbd34  R  X
  SRAM                  20000000   00040000  000004ca  0003fb36  RW X


SEGMENT ALLOCATION MAP

run origin  load origin   length   init length attrs members
----------  ----------- ---------- ----------- ----- -------
00004000    00004000    00003330   00003330    r-x
  00004000    00004000    00000208   00000208    r-- .intvecs
  00004208    00004208    00002aac   00002aac    r-x .text
  00006cb4    00006cb4    00000608   00000608    r-- .const
  000072c0    000072c0    00000070   00000070    r-- .cinit
20000000    20000000    000004cf   00000000    rw-
  20000000    20000000    0000026c   00000000    rw- .vtable
  20000270    20000270    00000200   00000000    rw- .stack
  20000470    20000470    00000031   00000000    rw- .bss
  200004a2    200004a2    0000002d   00000000    rw- .data


SECTION ALLOCATION MAP

 output                                  attributes/
section   page    origin      length       input sections
--------  ----  ----------  ----------   ----------------
.intvecs   0    00004000    00000208     
                  00004000    00000208     tm4c1290nczad_startup_ccs.obj (.intvecs)

.text      0    00004208    00002aac     
                  00004208    00000f80     sysctl.obj (.text)
                  00005188    00000b94     gpio.obj (.text)
                  00005d1c    0000062e     uart.obj (.text)
                  0000634a    00000002     --HOLE-- [fill = 0]
                  0000634c    000003c0     interrupt.obj (.text)
                  0000670c    00000228     Uart_Driver.obj (.text)
                  00006934    0000015c     uart_app.obj (.text)
                  00006a90    0000009c     rtsv7M4_T_le_v4SPD16_eabi.lib : memcpy_t2.asm.obj (.text)
                  00006b2c    00000068                                   : copy_decompress_lzss.c.obj (.text:decompress:lzss:__TI_decompress_lzss)
                  00006b94    00000044                                   : autoinit.c.obj (.text:__TI_auto_init_nobinit_nopinit:__TI_auto_init_nobinit_nopinit)
                  00006bd8    0000003e     cpu.obj (.text)
                  00006c16    00000002     --HOLE-- [fill = 0]
                  00006c18    00000034     rtsv7M4_T_le_v4SPD16_eabi.lib : boot_cortex_m.c.obj (.text:_c_int00_noargs:_c_int00_noargs)
                  00006c4c    00000024     main.obj (.text)
                  00006c70    0000001c     rtsv7M4_T_le_v4SPD16_eabi.lib : copy_zero_init.c.obj (.text:decompress:ZI:__TI_zero_init_nomemset:__TI_zero_init_nomemset)
                  00006c8c    0000000e                                   : copy_decompress_none.c.obj (.text:decompress:none:__TI_decompress_none)
                  00006c9a    0000000c     tm4c1290nczad_startup_ccs.obj (.text)
                  00006ca6    00000006     sysctl.obj (.text:SysCtlDelay)
                  00006cac    00000004     rtsv7M4_T_le_v4SPD16_eabi.lib : pre_init.c.obj (.text:_system_pre_init)
                  00006cb0    00000004                                   : exit.c.obj (.text:abort:abort)

.const     0    00006cb4    00000608     
                  00006cb4    000001b0     sysctl.obj (.const:g_pppui32XTALtoVCO)
                  00006e64    000000d8     gpio.obj (.const:g_ppui32GPIOIntMapSnowflake)
                  00006f3c    000000c0     gpio.obj (.const:g_ppui32GPIOIntMapBlizzard)
                  00006ffc    0000009c     interrupt.obj (.const:g_pui32Regs)
                  00007098    00000090     gpio.obj (.const:g_pui32GPIOBaseAddrs)
                  00007128    0000006c     sysctl.obj (.const:g_pui32Xtals)
                  00007194    00000040     uart.obj (.const:g_ppui32UARTIntMap)
                  000071d4    00000040     uart.obj (.const:g_ppui32UARTIntMapSnowflake)
                  00007214    00000030     sysctl.obj (.const:g_sXTALtoMEMTIM)
                  00007244    00000020     interrupt.obj (.const:g_pui32Priority)
                  00007264    00000014     interrupt.obj (.const:g_pui32Dii16Regs)
                  00007278    00000014     interrupt.obj (.const:g_pui32EnRegs)
                  0000728c    00000014     interrupt.obj (.const:g_pui32PendRegs)
                  000072a0    00000014     interrupt.obj (.const:g_pui32UnpendRegs)
                  000072b4    00000008     sysctl.obj (.const:g_pui32VCOFrequencies)

.cinit     0    000072c0    00000070     
                  000072c0    00000035     (.cinit..data.load) [load image]
                  000072f5    00000003     --HOLE-- [fill = 0]
                  000072f8    0000000c     (__TI_handler_table)
                  00007304    00000004     --HOLE-- [fill = 0]
                  00007308    00000008     (.cinit..bss.load) [load image, compression = zero_init]
                  00007310    00000008     (.cinit..vtable.load) [load image, compression = zero_init]
                  00007318    00000018     (__TI_cinit_table)

.init_array 
*          0    00004000    00000000     UNINITIALIZED

.vtable    0    20000000    0000026c     UNINITIALIZED
                  20000000    0000026c     interrupt.obj (.vtable)

.bss       0    20000470    00000031     UNINITIALIZED
                  20000470    00000010     (.common:Buffer)
                  20000480    00000010     (.common:rxBuffer)
                  20000490    00000008     (.common:TxMessage)
                  20000498    00000008     (.common:g_ui32SysClock)
                  200004a0    00000001     (.common:Reciveflag)

.data      0    200004a2    0000002d     UNINITIALIZED
                  200004a2    00000018     uart_app.obj (.data:StatusRegister_list)
                  200004ba    0000000e     uart_app.obj (.data:Fonction_List)
                  200004c8    00000003     uart_app.obj (.data:CMD_List)
                  200004cb    00000003     uart_app.obj (.data:Mod_List)
                  200004ce    00000001     uart_app.obj (.data)

.stack     0    20000270    00000200     UNINITIALIZED
                  20000270    00000004     rtsv7M4_T_le_v4SPD16_eabi.lib : boot_cortex_m.c.obj (.stack)
                  20000274    000001fc     --HOLE--

__llvm_prf_cnts 
*          0    20000000    00000000     UNINITIALIZED

MODULE SUMMARY

       Module                          code    ro data   rw data
       ------                          ----    -------   -------
    .\
       Uart_Driver.obj                 552     0         49     
       tm4c1290nczad_startup_ccs.obj   12      520       0      
       uart_app.obj                    348     0         45     
       main.obj                        36      0         0      
    +--+-------------------------------+-------+---------+---------+
       Total:                          948     520       94     
                                                                
    .\driverlib\
       sysctl.obj                      3974    596       0      
       gpio.obj                        2964    552       0      
       interrupt.obj                   960     268       620    
       uart.obj                        1582    128       0      
       cpu.obj                         62      0         0      
    +--+-------------------------------+-------+---------+---------+
       Total:                          9542    1544      620    
                                                                
    C:\ti\ccs1040\ccs\tools\compiler\ti-cgt-arm_20.2.5.LTS\lib\rtsv7M4_T_le_v4SPD16_eabi.lib
       memcpy_t2.asm.obj               156     0         0      
       copy_decompress_lzss.c.obj      104     0         0      
       autoinit.c.obj                  68      0         0      
       boot_cortex_m.c.obj             52      0         0      
       copy_zero_init.c.obj            28      0         0      
       copy_decompress_none.c.obj      14      0         0      
       exit.c.obj                      4       0         0      
       pre_init.c.obj                  4       0         0      
    +--+-------------------------------+-------+---------+---------+
       Total:                          430     0         0      
                                                                
       Stack:                          0       0         512    
       Linker Generated:               0       105       0      
    +--+-------------------------------+-------+---------+---------+
       Grand Total:                    10920   2169      1226   


LINKER GENERATED COPY TABLES

__TI_cinit_table @ 00007318 records: 3, size/record: 8, table size: 24
	.data: load addr=000072c0, load size=00000035 bytes, run addr=200004a2, run size=0000002d bytes, compression=copy
	.bss: load addr=00007308, load size=00000008 bytes, run addr=20000470, run size=00000031 bytes, compression=zero_init
	.vtable: load addr=00007310, load size=00000008 bytes, run addr=20000000, run size=0000026c bytes, compression=zero_init


LINKER GENERATED HANDLER TABLE

__TI_handler_table @ 000072f8 records: 3, size/record: 4, table size: 12
	index: 0, handler: __TI_zero_init
	index: 1, handler: __TI_decompress_lzss
	index: 2, handler: __TI_decompress_none


GLOBAL SYMBOLS: SORTED ALPHABETICALLY BY Name 

address   name                            
-------   ----                            
20000470  Buffer                          
00006cb1  C$$EXIT                         
200004c8  CMD_List                        
00006c0d  CPUbasepriGet                   
00006bff  CPUbasepriSet                   
00006bd9  CPUcpsid                        
00006bef  CPUcpsie                        
00006be5  CPUprimask                      
00006bfb  CPUwfi                          
200004ba  Fonction_List                   
00005cf5  GPIOADCTriggerDisable           
00005cd7  GPIOADCTriggerEnable            
00005cb9  GPIODMATriggerDisable           
00005c9b  GPIODMATriggerEnable            
00005243  GPIODirModeGet                  
000051e7  GPIODirModeSet                  
000057ab  GPIOIntClear                    
0000576f  GPIOIntDisable                  
00005755  GPIOIntEnable                   
000057bf  GPIOIntRegister                 
000057f7  GPIOIntRegisterPin              
00005789  GPIOIntStatus                   
00005333  GPIOIntTypeGet                  
0000528f  GPIOIntTypeSet                  
000057dd  GPIOIntUnregister               
00005825  GPIOIntUnregisterPin            
00005603  GPIOPadConfigGet                
000053c9  GPIOPadConfigSet                
00005c3d  GPIOPinConfigure                
00005849  GPIOPinRead                     
00005881  GPIOPinTypeADC                  
000058a5  GPIOPinTypeCAN                  
000058c9  GPIOPinTypeComparator           
000058ed  GPIOPinTypeComparatorOutput     
00005911  GPIOPinTypeDIVSCLK              
00005935  GPIOPinTypeEPI                  
00005959  GPIOPinTypeEthernetLED          
0000597d  GPIOPinTypeEthernetMII          
000059a1  GPIOPinTypeGPIOInput            
000059c5  GPIOPinTypeGPIOOutput           
000059e9  GPIOPinTypeGPIOOutputOD         
00005a0d  GPIOPinTypeHibernateRTCCLK      
00005a31  GPIOPinTypeI2C                  
00005a55  GPIOPinTypeI2CSCL               
00005a79  GPIOPinTypeLCD                  
00005a9d  GPIOPinTypeOneWire              
00005ac1  GPIOPinTypePWM                  
00005ae5  GPIOPinTypeQEI                  
00005b09  GPIOPinTypeSSI                  
00005b2d  GPIOPinTypeTimer                
00005b51  GPIOPinTypeTrace                
00005b75  GPIOPinTypeUART                 
00005b99  GPIOPinTypeUSBAnalog            
00005bbd  GPIOPinTypeUSBDigital           
00005be1  GPIOPinTypeWakeHigh             
00005c07  GPIOPinTypeWakeLow              
00005c2d  GPIOPinWakeStatus               
00005861  GPIOPinWrite                    
0000650d  IntDisable                      
0000649b  IntEnable                       
0000657f  IntIsEnabled                    
0000635f  IntMasterDisable                
0000634f  IntMasterEnable                 
00006675  IntPendClear                    
00006605  IntPendSet                      
00006477  IntPriorityGet                  
000063ef  IntPriorityGroupingGet          
000063d5  IntPriorityGroupingSet          
000066cf  IntPriorityMaskGet              
000066c3  IntPriorityMaskSet              
00006427  IntPrioritySet                  
0000636f  IntRegister                     
000066d7  IntTrigger                      
000063c1  IntUnregister                   
000069fd  JumpToBootLoader                
200004cb  Mod_List                        
000067e5  ReceivePacket                   
200004a0  Reciveflag                      
00006c9b  ResetISR                        
200004a2  StatusRegister_list             
00006a3b  SwapWord                        
00005145  SysCtlAltClkConfig              
0000486d  SysCtlClockFreqSet              
00004d35  SysCtlClockGet                  
00005129  SysCtlClockOutConfig            
00004b65  SysCtlClockSet                  
00004771  SysCtlDeepSleep                 
00004ef9  SysCtlDeepSleepClockConfigSet   
00004edb  SysCtlDeepSleepClockSet         
00004751  SysCtlDeepSleepPowerSet         
00006ca7  SysCtlDelay                     
000042ff  SysCtlFlashSectorSizeGet        
000042d3  SysCtlFlashSizeGet              
00004fcf  SysCtlGPIOAHBDisable            
00004fb3  SysCtlGPIOAHBEnable             
000046e5  SysCtlIntClear                  
000046cd  SysCtlIntDisable                
000046b9  SysCtlIntEnable                 
00004691  SysCtlIntRegister               
000046f5  SysCtlIntStatus                 
000046a9  SysCtlIntUnregister             
00004737  SysCtlLDODeepSleepGet           
00004727  SysCtlLDODeepSleepSet           
00004721  SysCtlLDOSleepGet               
00004711  SysCtlLDOSleepSet               
000047a7  SysCtlMOSCConfigSet             
0000510d  SysCtlNMIClear                  
000050f9  SysCtlNMIStatus                 
000047bd  SysCtlPIOSCCalibrate            
00004f9d  SysCtlPWMClockGet               
00004f83  SysCtlPWMClockSet               
0000463d  SysCtlPeripheralClockGating     
000045f5  SysCtlPeripheralDeepSleepDisable
000045a5  SysCtlPeripheralDeepSleepEnable 
000044e1  SysCtlPeripheralDisable         
000044a5  SysCtlPeripheralEnable          
000043e1  SysCtlPeripheralPowerOff        
000043a5  SysCtlPeripheralPowerOn         
00004325  SysCtlPeripheralPresent         
00004365  SysCtlPeripheralReady           
0000441d  SysCtlPeripheralReset           
00004569  SysCtlPeripheralSleepDisable    
00004525  SysCtlPeripheralSleepEnable     
00004761  SysCtlReset                     
0000481d  SysCtlResetBehaviorGet          
0000480d  SysCtlResetBehaviorSet          
00004793  SysCtlResetCauseClear           
0000478d  SysCtlResetCauseGet             
000042c9  SysCtlSRAMSizeGet               
00004769  SysCtlSleep                     
0000473d  SysCtlSleepPowerSet             
00004ff7  SysCtlUSBPLLDisable             
00004feb  SysCtlUSBPLLEnable              
0000503d  SysCtlVCOGet                    
00005025  SysCtlVoltageEventClear         
00005009  SysCtlVoltageEventConfig        
00005019  SysCtlVoltageEventStatus        
20000490  TxMessage                       
000062ed  UART9BitAddrSend                
000062c7  UART9BitAddrSet                 
000062b1  UART9BitDisable                 
0000629b  UART9BitEnable                  
0000613f  UARTBreakCtl                    
00006169  UARTBusy                        
000060e7  UARTCharGet                     
000060cb  UARTCharGetNonBlocking          
00006121  UARTCharPut                     
000060fd  UARTCharPutNonBlocking          
0000608f  UARTCharsAvail                  
0000628b  UARTClockSourceGet              
00006277  UARTClockSourceSet              
00005e5f  UARTConfigGetExpClk             
00005de9  UARTConfigSetExpClk             
0000623d  UARTDMADisable                  
00006225  UARTDMAEnable                   
00005ecf  UARTDisable                     
00005f53  UARTDisableSIR                  
00005eab  UARTEnable                      
00005f25  UARTEnableSIR                   
00005f0f  UARTFIFODisable                 
00005ef9  UARTFIFOEnable                  
00005dc1  UARTFIFOLevelGet                
00005da9  UARTFIFOLevelSet                
0000604f  UARTFlowControlGet              
00006033  UARTFlowControlSet              
00006213  UARTIntClear                    
000061dd  UARTIntDisable                  
000061c5  UARTIntEnable                   
00006785  UARTIntHandler                  
00006187  UARTIntRegister                 
000061f5  UARTIntStatus                   
000061a5  UARTIntUnregister               
00006335  UARTLoopbackEnable              
00005fe9  UARTModemControlClear           
0000600d  UARTModemControlGet             
00005fb1  UARTModemControlSet             
0000601f  UARTModemStatusGet              
00005d97  UARTParityModeGet               
00005d7b  UARTParityModeSet               
000067b1  UARTReceive                     
00006267  UARTRxErrorClear                
00006255  UARTRxErrorGet                  
00005f9b  UARTSmartCardDisable            
00005f69  UARTSmartCardEnable             
000060ad  UARTSpaceAvail                  
0000607d  UARTTxIntModeGet                
00006061  UARTTxIntModeSet                
000068ed  UARTWriteByte                   
00006935  UART_BOOT_ExecutiveCommand      
0000670d  UART_Config                     
20000470  __STACK_END                     
00000200  __STACK_SIZE                    
20000470  __STACK_TOP                     
00007318  __TI_CINIT_Base                 
00007330  __TI_CINIT_Limit                
000072f8  __TI_Handler_Table_Base         
00007304  __TI_Handler_Table_Limit        
00006b95  __TI_auto_init_nobinit_nopinit  
00006b2d  __TI_decompress_lzss            
00006c8d  __TI_decompress_none            
ffffffff  __TI_pprof_out_hndl             
ffffffff  __TI_prof_data_size             
ffffffff  __TI_prof_data_start            
000072c0  __TI_static_base__              
00006c71  __TI_zero_init_nomemset         
00006a91  __aeabi_memcpy                  
00006a91  __aeabi_memcpy4                 
00006a91  __aeabi_memcpy8                 
ffffffff  __binit__                       
ffffffff  __c_args__                      
UNDEFED   __mpu_init                      
20000270  __stack                         
20000000  __start___llvm_prf_cnts         
20000000  __stop___llvm_prf_cnts          
00006c19  _c_int00_noargs                 
UNDEFED   _system_post_cinit              
00006cad  _system_pre_init                
00006cb1  abort                           
ffffffff  binit                           
20000000  g_pfnRAMVectors                 
00004000  g_pfnVectors                    
20000498  g_ui32SysClock                  
00006c4d  main                            
00006a91  memcpy                          
20000480  rxBuffer                        
0000687d  sendPacket                      


GLOBAL SYMBOLS: SORTED BY Symbol Address 

address   name                            
-------   ----                            
00000200  __STACK_SIZE                    
00004000  g_pfnVectors                    
000042c9  SysCtlSRAMSizeGet               
000042d3  SysCtlFlashSizeGet              
000042ff  SysCtlFlashSectorSizeGet        
00004325  SysCtlPeripheralPresent         
00004365  SysCtlPeripheralReady           
000043a5  SysCtlPeripheralPowerOn         
000043e1  SysCtlPeripheralPowerOff        
0000441d  SysCtlPeripheralReset           
000044a5  SysCtlPeripheralEnable          
000044e1  SysCtlPeripheralDisable         
00004525  SysCtlPeripheralSleepEnable     
00004569  SysCtlPeripheralSleepDisable    
000045a5  SysCtlPeripheralDeepSleepEnable 
000045f5  SysCtlPeripheralDeepSleepDisable
0000463d  SysCtlPeripheralClockGating     
00004691  SysCtlIntRegister               
000046a9  SysCtlIntUnregister             
000046b9  SysCtlIntEnable                 
000046cd  SysCtlIntDisable                
000046e5  SysCtlIntClear                  
000046f5  SysCtlIntStatus                 
00004711  SysCtlLDOSleepSet               
00004721  SysCtlLDOSleepGet               
00004727  SysCtlLDODeepSleepSet           
00004737  SysCtlLDODeepSleepGet           
0000473d  SysCtlSleepPowerSet             
00004751  SysCtlDeepSleepPowerSet         
00004761  SysCtlReset                     
00004769  SysCtlSleep                     
00004771  SysCtlDeepSleep                 
0000478d  SysCtlResetCauseGet             
00004793  SysCtlResetCauseClear           
000047a7  SysCtlMOSCConfigSet             
000047bd  SysCtlPIOSCCalibrate            
0000480d  SysCtlResetBehaviorSet          
0000481d  SysCtlResetBehaviorGet          
0000486d  SysCtlClockFreqSet              
00004b65  SysCtlClockSet                  
00004d35  SysCtlClockGet                  
00004edb  SysCtlDeepSleepClockSet         
00004ef9  SysCtlDeepSleepClockConfigSet   
00004f83  SysCtlPWMClockSet               
00004f9d  SysCtlPWMClockGet               
00004fb3  SysCtlGPIOAHBEnable             
00004fcf  SysCtlGPIOAHBDisable            
00004feb  SysCtlUSBPLLEnable              
00004ff7  SysCtlUSBPLLDisable             
00005009  SysCtlVoltageEventConfig        
00005019  SysCtlVoltageEventStatus        
00005025  SysCtlVoltageEventClear         
0000503d  SysCtlVCOGet                    
000050f9  SysCtlNMIStatus                 
0000510d  SysCtlNMIClear                  
00005129  SysCtlClockOutConfig            
00005145  SysCtlAltClkConfig              
000051e7  GPIODirModeSet                  
00005243  GPIODirModeGet                  
0000528f  GPIOIntTypeSet                  
00005333  GPIOIntTypeGet                  
000053c9  GPIOPadConfigSet                
00005603  GPIOPadConfigGet                
00005755  GPIOIntEnable                   
0000576f  GPIOIntDisable                  
00005789  GPIOIntStatus                   
000057ab  GPIOIntClear                    
000057bf  GPIOIntRegister                 
000057dd  GPIOIntUnregister               
000057f7  GPIOIntRegisterPin              
00005825  GPIOIntUnregisterPin            
00005849  GPIOPinRead                     
00005861  GPIOPinWrite                    
00005881  GPIOPinTypeADC                  
000058a5  GPIOPinTypeCAN                  
000058c9  GPIOPinTypeComparator           
000058ed  GPIOPinTypeComparatorOutput     
00005911  GPIOPinTypeDIVSCLK              
00005935  GPIOPinTypeEPI                  
00005959  GPIOPinTypeEthernetLED          
0000597d  GPIOPinTypeEthernetMII          
000059a1  GPIOPinTypeGPIOInput            
000059c5  GPIOPinTypeGPIOOutput           
000059e9  GPIOPinTypeGPIOOutputOD         
00005a0d  GPIOPinTypeHibernateRTCCLK      
00005a31  GPIOPinTypeI2C                  
00005a55  GPIOPinTypeI2CSCL               
00005a79  GPIOPinTypeLCD                  
00005a9d  GPIOPinTypeOneWire              
00005ac1  GPIOPinTypePWM                  
00005ae5  GPIOPinTypeQEI                  
00005b09  GPIOPinTypeSSI                  
00005b2d  GPIOPinTypeTimer                
00005b51  GPIOPinTypeTrace                
00005b75  GPIOPinTypeUART                 
00005b99  GPIOPinTypeUSBAnalog            
00005bbd  GPIOPinTypeUSBDigital           
00005be1  GPIOPinTypeWakeHigh             
00005c07  GPIOPinTypeWakeLow              
00005c2d  GPIOPinWakeStatus               
00005c3d  GPIOPinConfigure                
00005c9b  GPIODMATriggerEnable            
00005cb9  GPIODMATriggerDisable           
00005cd7  GPIOADCTriggerEnable            
00005cf5  GPIOADCTriggerDisable           
00005d7b  UARTParityModeSet               
00005d97  UARTParityModeGet               
00005da9  UARTFIFOLevelSet                
00005dc1  UARTFIFOLevelGet                
00005de9  UARTConfigSetExpClk             
00005e5f  UARTConfigGetExpClk             
00005eab  UARTEnable                      
00005ecf  UARTDisable                     
00005ef9  UARTFIFOEnable                  
00005f0f  UARTFIFODisable                 
00005f25  UARTEnableSIR                   
00005f53  UARTDisableSIR                  
00005f69  UARTSmartCardEnable             
00005f9b  UARTSmartCardDisable            
00005fb1  UARTModemControlSet             
00005fe9  UARTModemControlClear           
0000600d  UARTModemControlGet             
0000601f  UARTModemStatusGet              
00006033  UARTFlowControlSet              
0000604f  UARTFlowControlGet              
00006061  UARTTxIntModeSet                
0000607d  UARTTxIntModeGet                
0000608f  UARTCharsAvail                  
000060ad  UARTSpaceAvail                  
000060cb  UARTCharGetNonBlocking          
000060e7  UARTCharGet                     
000060fd  UARTCharPutNonBlocking          
00006121  UARTCharPut                     
0000613f  UARTBreakCtl                    
00006169  UARTBusy                        
00006187  UARTIntRegister                 
000061a5  UARTIntUnregister               
000061c5  UARTIntEnable                   
000061dd  UARTIntDisable                  
000061f5  UARTIntStatus                   
00006213  UARTIntClear                    
00006225  UARTDMAEnable                   
0000623d  UARTDMADisable                  
00006255  UARTRxErrorGet                  
00006267  UARTRxErrorClear                
00006277  UARTClockSourceSet              
0000628b  UARTClockSourceGet              
0000629b  UART9BitEnable                  
000062b1  UART9BitDisable                 
000062c7  UART9BitAddrSet                 
000062ed  UART9BitAddrSend                
00006335  UARTLoopbackEnable              
0000634f  IntMasterEnable                 
0000635f  IntMasterDisable                
0000636f  IntRegister                     
000063c1  IntUnregister                   
000063d5  IntPriorityGroupingSet          
000063ef  IntPriorityGroupingGet          
00006427  IntPrioritySet                  
00006477  IntPriorityGet                  
0000649b  IntEnable                       
0000650d  IntDisable                      
0000657f  IntIsEnabled                    
00006605  IntPendSet                      
00006675  IntPendClear                    
000066c3  IntPriorityMaskSet              
000066cf  IntPriorityMaskGet              
000066d7  IntTrigger                      
0000670d  UART_Config                     
00006785  UARTIntHandler                  
000067b1  UARTReceive                     
000067e5  ReceivePacket                   
0000687d  sendPacket                      
000068ed  UARTWriteByte                   
00006935  UART_BOOT_ExecutiveCommand      
000069fd  JumpToBootLoader                
00006a3b  SwapWord                        
00006a91  __aeabi_memcpy                  
00006a91  __aeabi_memcpy4                 
00006a91  __aeabi_memcpy8                 
00006a91  memcpy                          
00006b2d  __TI_decompress_lzss            
00006b95  __TI_auto_init_nobinit_nopinit  
00006bd9  CPUcpsid                        
00006be5  CPUprimask                      
00006bef  CPUcpsie                        
00006bfb  CPUwfi                          
00006bff  CPUbasepriSet                   
00006c0d  CPUbasepriGet                   
00006c19  _c_int00_noargs                 
00006c4d  main                            
00006c71  __TI_zero_init_nomemset         
00006c8d  __TI_decompress_none            
00006c9b  ResetISR                        
00006ca7  SysCtlDelay                     
00006cad  _system_pre_init                
00006cb1  C$$EXIT                         
00006cb1  abort                           
000072c0  __TI_static_base__              
000072f8  __TI_Handler_Table_Base         
00007304  __TI_Handler_Table_Limit        
00007318  __TI_CINIT_Base                 
00007330  __TI_CINIT_Limit                
20000000  __start___llvm_prf_cnts         
20000000  __stop___llvm_prf_cnts          
20000000  g_pfnRAMVectors                 
20000270  __stack                         
20000470  Buffer                          
20000470  __STACK_END                     
20000470  __STACK_TOP                     
20000480  rxBuffer                        
20000490  TxMessage                       
20000498  g_ui32SysClock                  
200004a0  Reciveflag                      
200004a2  StatusRegister_list             
200004ba  Fonction_List                   
200004c8  CMD_List                        
200004cb  Mod_List                        
ffffffff  __TI_pprof_out_hndl             
ffffffff  __TI_prof_data_size             
ffffffff  __TI_prof_data_start            
ffffffff  __binit__                       
ffffffff  __c_args__                      
ffffffff  binit                           
UNDEFED   __mpu_init                      
UNDEFED   _system_post_cinit              

[226 symbols]
